Component: ARM Compiler 5.06 update 6 (build 750) Tool: armlink [4d35ed]

==============================================================================

Section Cross References

    startup_stm32f103xb.o(STACK) refers (Special) to heapauxi.o(.text) for __use_two_region_memory
    startup_stm32f103xb.o(HEAP) refers (Special) to heapauxi.o(.text) for __use_two_region_memory
    startup_stm32f103xb.o(RESET) refers (Special) to heapauxi.o(.text) for __use_two_region_memory
    startup_stm32f103xb.o(RESET) refers to startup_stm32f103xb.o(STACK) for __initial_sp
    startup_stm32f103xb.o(RESET) refers to startup_stm32f103xb.o(.text) for Reset_Handler
    startup_stm32f103xb.o(RESET) refers to stm32f1xx_it.o(i.NMI_Handler) for NMI_Handler
    startup_stm32f103xb.o(RESET) refers to stm32f1xx_it.o(i.HardFault_Handler) for HardFault_Handler
    startup_stm32f103xb.o(RESET) refers to stm32f1xx_it.o(i.MemManage_Handler) for MemManage_Handler
    startup_stm32f103xb.o(RESET) refers to stm32f1xx_it.o(i.BusFault_Handler) for BusFault_Handler
    startup_stm32f103xb.o(RESET) refers to stm32f1xx_it.o(i.UsageFault_Handler) for UsageFault_Handler
    startup_stm32f103xb.o(RESET) refers to stm32f1xx_it.o(i.SVC_Handler) for SVC_Handler
    startup_stm32f103xb.o(RESET) refers to stm32f1xx_it.o(i.DebugMon_Handler) for DebugMon_Handler
    startup_stm32f103xb.o(RESET) refers to stm32f1xx_it.o(i.PendSV_Handler) for PendSV_Handler
    startup_stm32f103xb.o(RESET) refers to stm32f1xx_it.o(i.SysTick_Handler) for SysTick_Handler
    startup_stm32f103xb.o(RESET) refers to stm32f1xx_it.o(i.DMA1_Channel4_IRQHandler) for DMA1_Channel4_IRQHandler
    startup_stm32f103xb.o(RESET) refers to stm32f1xx_it.o(i.DMA1_Channel5_IRQHandler) for DMA1_Channel5_IRQHandler
    startup_stm32f103xb.o(RESET) refers to stm32f1xx_it.o(i.USART1_IRQHandler) for USART1_IRQHandler
    startup_stm32f103xb.o(RESET) refers to stm32f1xx_it.o(i.USART2_IRQHandler) for USART2_IRQHandler
    startup_stm32f103xb.o(RESET) refers to stm32f1xx_it.o(i.EXTI15_10_IRQHandler) for EXTI15_10_IRQHandler
    startup_stm32f103xb.o(.text) refers (Special) to heapauxi.o(.text) for __use_two_region_memory
    startup_stm32f103xb.o(.text) refers to system_stm32f1xx.o(i.SystemInit) for SystemInit
    startup_stm32f103xb.o(.text) refers to __main.o(!!!main) for __main
    startup_stm32f103xb.o(.text) refers to startup_stm32f103xb.o(HEAP) for Heap_Mem
    startup_stm32f103xb.o(.text) refers to startup_stm32f103xb.o(STACK) for Stack_Mem
    main.o(i.HAL_GPIO_EXTI_Callback) refers to main.o(.data) for .data
    main.o(i.Process_Key_Events) refers to settings.o(i.SettingMode_Get) for SettingMode_Get
    main.o(i.Process_Key_Events) refers to settings.o(i.SettingMode_Next) for SettingMode_Next
    main.o(i.Process_Key_Events) refers to oled.o(i.OLED_Clear) for OLED_Clear
    main.o(i.Process_Key_Events) refers to settings.o(i.SettingValue_Increase) for SettingValue_Increase
    main.o(i.Process_Key_Events) refers to settings.o(i.SettingValue_Decrease) for SettingValue_Decrease
    main.o(i.Process_Key_Events) refers to settings.o(i.Settings_Save) for Settings_Save
    main.o(i.Process_Key_Events) refers to settings.o(i.SettingMode_Set) for SettingMode_Set
    main.o(i.Process_Key_Events) refers to main.o(.data) for .data
    main.o(i.SystemClock_Config) refers to rt_memclr_w.o(.text) for __aeabi_memclr4
    main.o(i.SystemClock_Config) refers to stm32f1xx_hal_rcc.o(i.HAL_RCC_OscConfig) for HAL_RCC_OscConfig
    main.o(i.SystemClock_Config) refers to stm32f1xx_hal_rcc.o(i.HAL_RCC_ClockConfig) for HAL_RCC_ClockConfig
    main.o(i.SystemClock_Config) refers to stm32f1xx_hal_rcc_ex.o(i.HAL_RCCEx_PeriphCLKConfig) for HAL_RCCEx_PeriphCLKConfig
    main.o(i.main) refers to stm32f1xx_hal.o(i.HAL_Init) for HAL_Init
    main.o(i.main) refers to main.o(i.SystemClock_Config) for SystemClock_Config
    main.o(i.main) refers to gpio.o(i.MX_GPIO_Init) for MX_GPIO_Init
    main.o(i.main) refers to dma.o(i.MX_DMA_Init) for MX_DMA_Init
    main.o(i.main) refers to usart.o(i.MX_USART2_UART_Init) for MX_USART2_UART_Init
    main.o(i.main) refers to adc.o(i.MX_ADC1_Init) for MX_ADC1_Init
    main.o(i.main) refers to usart.o(i.MX_USART1_UART_Init) for MX_USART1_UART_Init
    main.o(i.main) refers to oled.o(i.OLED_Init) for OLED_Init
    main.o(i.main) refers to co2.o(i.CO2_Init) for CO2_Init
    main.o(i.main) refers to settings.o(i.Settings_Init) for Settings_Init
    main.o(i.main) refers to esp8266.o(i.ESP8266_Init) for ESP8266_Init
    main.o(i.main) refers to stm32f1xx_hal_gpio.o(i.HAL_GPIO_WritePin) for HAL_GPIO_WritePin
    main.o(i.main) refers to stm32f1xx_hal.o(i.HAL_Delay) for HAL_Delay
    main.o(i.main) refers to esp8266.o(i.ESP8266_ConnectWiFi) for ESP8266_ConnectWiFi
    main.o(i.main) refers to esp8266.o(i.ESP8266_ConnectCloud) for ESP8266_ConnectCloud
    main.o(i.main) refers to esp8266.o(i.ESP8266_Clear) for ESP8266_Clear
    main.o(i.main) refers to oled.o(i.OLED_Clear) for OLED_Clear
[...]
    i.HAL_UART_Init                          0x080039e8   Section        0  stm32f1xx_hal_uart.o(i.HAL_UART_Init)
    i.HAL_UART_MspInit                       0x08003a4c   Section        0  usart.o(i.HAL_UART_MspInit)
    i.HAL_UART_Receive_DMA                   0x08003b7c   Section        0  stm32f1xx_hal_uart.o(i.HAL_UART_Receive_DMA)
    i.HAL_UART_Receive_IT                    0x08003b98   Section        0  stm32f1xx_hal_uart.o(i.HAL_UART_Receive_IT)
    i.HAL_UART_RxCpltCallback                0x08003bb4   Section        0  stm32f1xx_it.o(i.HAL_UART_RxCpltCallback)
    i.HAL_UART_RxHalfCpltCallback            0x08003c28   Section        0  stm32f1xx_hal_uart.o(i.HAL_UART_RxHalfCpltCallback)
    i.HAL_UART_Transmit                      0x08003c2a   Section        0  stm32f1xx_hal_uart.o(i.HAL_UART_Transmit)
    i.HAL_UART_TxCpltCallback                0x08003cca   Section        0  stm32f1xx_hal_uart.o(i.HAL_UART_TxCpltCallback)
    i.HardFault_Handler                      0x08003ccc   Section        0  stm32f1xx_it.o(i.HardFault_Handler)
    i.I2C_Start                              0x08003cd0   Section        0  oled.o(i.I2C_Start)
    i.I2C_Stop                               0x08003d14   Section        0  oled.o(i.I2C_Stop)
    i.I2C_WaitAck                            0x08003d48   Section        0  oled.o(i.I2C_WaitAck)
    i.IIC_delay                              0x08003d80   Section        0  oled.o(i.IIC_delay)
    i.MQTT_Publish_Data                      0x08003d8c   Section        0  mqtt_publisher.o(i.MQTT_Publish_Data)
    i.MQTT_Publish_humidity                  0x08003e2c   Section        0  mqtt_publisher.o(i.MQTT_Publish_humidity)
    i.MQTT_Publish_mq5                       0x08003e40   Section        0  mqtt_publisher.o(i.MQTT_Publish_mq5)
    i.MQTT_Publish_temp                      0x08003e4c   Section        0  mqtt_publisher.o(i.MQTT_Publish_temp)
    i.MX_ADC1_Init                           0x08003e60   Section        0  adc.o(i.MX_ADC1_Init)
    i.MX_DMA_Init                            0x08003eb0   Section        0  dma.o(i.MX_DMA_Init)
    i.MX_GPIO_Init                           0x08003eec   Section        0  gpio.o(i.MX_GPIO_Init)
    i.MX_USART1_UART_Init                    0x08003fc0   Section        0  usart.o(i.MX_USART1_UART_Init)
    i.MX_USART2_UART_Init                    0x08004000   Section        0  usart.o(i.MX_USART2_UART_Init)
    i.MemManage_Handler                      0x08004038   Section        0  stm32f1xx_it.o(i.MemManage_Handler)
    i.NMI_Handler                            0x0800403a   Section        0  stm32f1xx_it.o(i.NMI_Handler)
    i.OLED_Clear                             0x0800403c   Section        0  oled.o(i.OLED_Clear)
    i.OLED_DrawPoint                         0x08004068   Section        0  oled.o(i.OLED_DrawPoint)
    i.OLED_Init                              0x08004094   Section        0  oled.o(i.OLED_Init)
    i.OLED_Refresh                           0x08004170   Section        0  oled.o(i.OLED_Refresh)
    i.OLED_ShowChar                          0x080041d8   Section        0  oled.o(i.OLED_ShowChar)
    i.OLED_ShowString                        0x080042bc   Section        0  oled.o(i.OLED_ShowString)
    i.OLED_WR_Byte                           0x080042f8   Section        0  oled.o(i.OLED_WR_Byte)
    i.PendSV_Handler                         0x0800432e   Section        0  stm32f1xx_it.o(i.PendSV_Handler)
    i.Process_Key_Events                     0x08004330   Section        0  main.o(i.Process_Key_Events)
    i.SVC_Handler                            0x08004394   Section        0  stm32f1xx_it.o(i.SVC_Handler)
    i.Send_Byte                              0x08004398   Section        0  oled.o(i.Send_Byte)
    i.SettingMode_Get                        0x080043ec   Section        0  settings.o(i.SettingMode_Get)
    i.SettingMode_Next                       0x080043f8   Section        0  settings.o(i.SettingMode_Next)
    i.SettingMode_Set                        0x08004410   Section        0  settings.o(i.SettingMode_Set)
    i.SettingValue_Decrease                  0x0800441c   Section        0  settings.o(i.SettingValue_Decrease)
    i.SettingValue_Increase                  0x08004478   Section        0  settings.o(i.SettingValue_Increase)
    i.Settings_CalculateCRC                  0x080044dc   Section        0  settings.o(i.Settings_CalculateCRC)
    Settings_CalculateCRC                    0x080044dd   Thumb Code    22  settings.o(i.Settings_CalculateCRC)
    i.Settings_Get                           0x080044f4   Section        0  settings.o(i.Settings_Get)
    i.Settings_Init                          0x080044fc   Section        0  settings.o(i.Settings_Init)
    i.Settings_Load                          0x08004500   Section        0  settings.o(i.Settings_Load)
    i.Settings_Save                          0x0800453c   Section        0  settings.o(i.Settings_Save)
    i.Settings_SetDefaults                   0x08004594   Section        0  settings.o(i.Settings_SetDefaults)
    i.SysTick_Handler                        0x080045c4   Section        0  stm32f1xx_it.o(i.SysTick_Handler)
    i.SystemClock_Config                     0x080045c8   Section        0  main.o(i.SystemClock_Config)
    i.SystemInit                             0x08004640   Section        0  system_stm32f1xx.o(i.SystemInit)
    i.UART_DMAAbortOnError                   0x08004642   Section        0  stm32f1xx_hal_uart.o(i.UART_DMAAbortOnError)
    UART_DMAAbortOnError                     0x08004643   Thumb Code    16  stm32f1xx_hal_uart.o(i.UART_DMAAbortOnError)
    i.UART_DMAError                          0x08004652   Section        0  stm32f1xx_hal_uart.o(i.UART_DMAError)
    UART_DMAError                            0x08004653   Thumb Code    74  stm32f1xx_hal_uart.o(i.UART_DMAError)
    i.UART_DMAReceiveCplt                    0x0800469c   Section        0  stm32f1xx_hal_uart.o(i.UART_DMAReceiveCplt)
    UART_DMAReceiveCplt                      0x0800469d   Thumb Code   134  stm32f1xx_hal_uart.o(i.UART_DMAReceiveCplt)
    i.UART_DMARxHalfCplt                     0x08004722   Section        0  stm32f1xx_hal_uart.o(i.UART_DMARxHalfCplt)
    UART_DMARxHalfCplt                       0x08004723   Thumb Code    30  stm32f1xx_hal_uart.o(i.UART_DMARxHalfCplt)
    i.UART_EndRxTransfer                     0x08004740   Section        0  stm32f1xx_hal_uart.o(i.UART_EndRxTransfer)
    UART_EndRxTransfer                       0x08004741   Thumb Code    78  stm32f1xx_hal_uart.o(i.UART_EndRxTransfer)
    i.UART_EndTxTransfer                     0x0800478e   Section        0  stm32f1xx_hal_uart.o(i.UART_EndTxTransfer)
    UART_EndTxTransfer                       0x0800478f   Thumb Code    28  stm32f1xx_hal_uart.o(i.UART_EndTxTransfer)
    i.UART_Receive_IT                        0x080047aa   Section        0  stm32f1xx_hal_uart.o(i.UART_Receive_IT)
    UART_Receive_IT                          0x080047ab   Thumb Code   194  stm32f1xx_hal_uart.o(i.UART_Receive_IT)
    i.UART_SetConfig                         0x0800486c   Section        0  stm32f1xx_hal_uart.o(i.UART_SetConfig)
    UART_SetConfig                           0x0800486d   Thumb Code   178  stm32f1xx_hal_uart.o(i.UART_SetConfig)
    i.UART_Start_Receive_DMA                 0x08004924   Section        0  stm32f1xx_hal_uart.o(i.UART_Start_Receive_DMA)
    i.UART_Start_Receive_IT                  0x080049b4   Section        0  stm32f1xx_hal_uart.o(i.UART_Start_Receive_IT)
    i.UART_WaitOnFlagUntilTimeout            0x080049ea   Section        0  stm32f1xx_hal_uart.o(i.UART_WaitOnFlagUntilTimeout)
    UART_WaitOnFlagUntilTimeout              0x080049eb   Thumb Code   114  stm32f1xx_hal_uart.o(i.UART_WaitOnFlagUntilTimeout)
    i.USART1_IRQHandler                      0x08004a5c   Section        0  stm32f1xx_it.o(i.USART1_IRQHandler)
    i.USART2_IRQHandler                      0x08004ab4   Section        0  stm32f1xx_it.o(i.USART2_IRQHandler)
    i.UsageFault_Handler                     0x08004ac0   Section        0  stm32f1xx_it.o(i.UsageFault_Handler)
    i.__ARM_fpclassify                       0x08004ac2   Section        0  fpclassify.o(i.__ARM_fpclassify)
    i.__NVIC_SetPriority                     0x08004aea   Section        0  stm32f1xx_hal_cortex.o(i.__NVIC_SetPriority)
    __NVIC_SetPriority                       0x08004aeb   Thumb Code    32  stm32f1xx_hal_cortex.o(i.__NVIC_SetPriority)
    i._is_digit                              0x08004b0a   Section        0  __printf_wp.o(i._is_digit)
    i.main                                   0x08004b18   Section        0  main.o(i.main)
    i.main_ui                                0x08004c18   Section        0  ui.o(i.main_ui)
    i.setting_ui                             0x08004d30   Section        0  ui.o(i.setting_ui)
    locale$$code                             0x08004e74   Section       44  lc_numeric_c.o(locale$$code)
    x$fpl$dretinf                            0x08004ea0   Section       12  dretinf.o(x$fpl$dretinf)
    x$fpl$f2d                                0x08004eac   Section       86  f2d.o(x$fpl$f2d)
    x$fpl$fadd                               0x08004f04   Section      196  faddsub_clz.o(x$fpl$fadd)
    _fadd1                                   0x08004f13   Thumb Code     0  faddsub_clz.o(x$fpl$fadd)
    x$fpl$ffltu                              0x08004fc8   Section       38  fflt_clz.o(x$fpl$ffltu)
    x$fpl$fmul                               0x08004ff0   Section      258  fmul.o(x$fpl$fmul)
    x$fpl$fnaninf                            0x080050f2   Section      140  fnaninf.o(x$fpl$fnaninf)
    x$fpl$fretinf                            0x0800517e   Section       10  fretinf.o(x$fpl$fretinf)
    x$fpl$fsub                               0x08005188   Section      234  faddsub_clz.o(x$fpl$fsub)
    _fsub1                                   0x08005197   Thumb Code     0  faddsub_clz.o(x$fpl$fsub)
    x$fpl$printf1                            0x08005272   Section        4  printf1.o(x$fpl$printf1)
    .constdata                               0x08005276   Section       18  stm32f1xx_hal_rcc.o(.constdata)
    x$fpl$usenofp                            0x08005276   Section        0  usenofp.o(x$fpl$usenofp)
    aPredivFactorTable                       0x08005276   Data           2  stm32f1xx_hal_rcc.o(.constdata)
    aPLLMULFactorTable                       0x08005278   Data          16  stm32f1xx_hal_rcc.o(.constdata)
    .constdata                               0x08005288   Section       18  stm32f1xx_hal_rcc_ex.o(.constdata)
    aPredivFactorTable                       0x08005288   Data           2  stm32f1xx_hal_rcc_ex.o(.constdata)
    aPLLMULFactorTable                       0x0800528a   Data          16  stm32f1xx_hal_rcc_ex.o(.constdata)
    .constdata                               0x0800529a   Section       16  system_stm32f1xx.o(.constdata)
    .constdata                               0x080052aa   Section        8  system_stm32f1xx.o(.constdata)
    .constdata                               0x080052b2   Section     6632  oled.o(.constdata)
    .constdata                               0x08006c9a   Section       17  __printf_flags_ss_wp.o(.constdata)
    maptable                                 0x08006c9a   Data          17  __printf_flags_ss_wp.o(.constdata)
    .constdata                               0x08006cac   Section      148  bigflt0.o(.constdata)
    tenpwrs_x                                0x08006cac   Data          60  bigflt0.o(.constdata)
    tenpwrs_i                                0x08006ce8   Data          64  bigflt0.o(.constdata)
    .conststring                             0x08006d40   Section      121  esp8266.o(.conststring)
    locale$$data                             0x08006ddc   Section       28  lc_numeric_c.o(locale$$data)
    __lcnum_c_name                           0x08006de0   Data           2  lc_numeric_c.o(locale$$data)
    __lcnum_c_start                          0x08006de8   Data           0  lc_numeric_c.o(locale$$data)
    __lcnum_c_point                          0x08006df4   Data           0  lc_numeric_c.o(locale$$data)
    __lcnum_c_thousands                      0x08006df6   Data           0  lc_numeric_c.o(locale$$data)
    __lcnum_c_grouping                       0x08006df7   Data           0  lc_numeric_c.o(locale$$data)
    __lcnum_c_end                            0x08006df8   Data           0  lc_numeric_c.o(locale$$data)
    .data                                    0x20000000   Section        3  main.o(.data)
    .data                                    0x20000004   Section       12  stm32f1xx_hal.o(.data)
    .data                                    0x20000010   Section        4  system_stm32f1xx.o(.data)
    .data                                    0x20000014   Section        8  co2.o(.data)
    .data                                    0x2000001c   Section        1  settings.o(.data)
    g_setting_mode                           0x2000001c   Data           1  settings.o(.data)
    .data                                    0x2000001e   Section        4  esp8266.o(.data)
    .data                                    0x20000024   Section        4  mqtt_publisher.o(.data)
    .bss                                     0x20000028   Section       48  adc.o(.bss)
    .bss                                     0x20000058   Section      280  usart.o(.bss)
    .bss                                     0x20000170   Section       32  stm32f1xx_hal_flash.o(.bss)
    .bss                                     0x20000190   Section     1152  oled.o(.bss)
    .bss                                     0x20000610   Section        9  co2.o(.bss)
    .bss                                     0x2000061c   Section       20  settings.o(.bss)
    g_settings                               0x2000061c   Data          20  settings.o(.bss)
    .bss                                     0x20000630   Section      512  esp8266.o(.bss)
    .bss                                     0x20000830   Section       96  libspace.o(.bss)
    HEAP                                     0x20000890   Section      512  startup_stm32f103xb.o(HEAP)
    Heap_Mem                                 0x20000890   Data         512  startup_stm32f103xb.o(HEAP)
    STACK                                    0x20000a90   Section     1024  startup_stm32f103xb.o(STACK)
    Stack_Mem                                0x20000a90   Data        1024  startup_stm32f103xb.o(STACK)
    __initial_sp                             0x20000e90   Data           0  startup_stm32f103xb.o(STACK)

    Global Symbols

    Symbol Name                              Value     Ov Type        Size  Object(Section)

    BuildAttributes$$THM_ISAv4$P$D$K$B$S$PE$A:L22UL41UL21$X:L11$S22US41US21$IEEE1$IW$USESV6$~STKCKD$USESV7$~SHL$OTIME$ROPI$IEEEX$EBA8$UX$STANDARDLIB$REQ8$PRES8$EABIv2 0x00000000   Number         0  anon$$obj.o ABSOLUTE
    __ARM_use_no_argv                        0x00000000   Number         0  main.o ABSOLUTE
    _printf_flags                            0x00000000   Number         0  printf_stubs.o ABSOLUTE
    _printf_return_value                     0x00000000   Number         0  printf_stubs.o ABSOLUTE
    _printf_sizespec                         0x00000000   Number         0  printf_stubs.o ABSOLUTE
    _printf_widthprec                        0x00000000   Number         0  printf_stubs.o ABSOLUTE
    __ARM_exceptions_init                     - Undefined Weak Reference
    __alloca_initialize                       - Undefined Weak Reference
    __arm_preinit_                            - Undefined Weak Reference
    __cpp_initialize__aeabi_                  - Undefined Weak Reference
    __cxa_finalize                            - Undefined Weak Reference
    __sigvec_lookup                           - Undefined Weak Reference
    __user_heap_extent                        - Undefined Weak Reference
    _atexit_init                              - Undefined Weak Reference
    _call_atexit_fns                          - Undefined Weak Reference
    _clock_init                               - Undefined Weak Reference
    _fp_trap_init                             - Undefined Weak Reference
    _fp_trap_shutdown                         - Undefined Weak Reference
    _get_lc_collate                           - Undefined Weak Reference
    _get_lc_monetary                          - Undefined Weak Reference
    _get_lc_time                              - Undefined Weak Reference
    _getenv_init                              - Undefined Weak Reference
    _handle_redirection                       - Undefined Weak Reference
    _initio                                   - Undefined Weak Reference
    _mutex_acquire                            - Undefined Weak Reference
    _mutex_free                               - Undefined Weak Reference
    _mutex_release                            - Undefined Weak Reference
    _printf_mbtowc                            - Undefined Weak Reference
    _printf_truncate_signed                   - Undefined Weak Reference
    _printf_truncate_unsigned                 - Undefined Weak Reference
    _rand_init                                - Undefined Weak Reference
    _scanf_int                                - Undefined Weak Reference
    _scanf_longlong                           - Undefined Weak Reference
    _scanf_mbtowc                             - Undefined Weak Reference
    _scanf_string                             - Undefined Weak Reference
    _scanf_wctomb                             - Undefined Weak Reference
    _scanf_wstring                            - Undefined Weak Reference
    _signal_finish                            - Undefined Weak Reference
    _signal_init                              - Undefined Weak Reference
    _terminateio                              - Undefined Weak Reference
    __Vectors_Size                           0x000000ec   Number         0  startup_stm32f103xb.o ABSOLUTE
    __Vectors                                0x08000000   Data           4  startup_stm32f103xb.o(RESET)
    __Vectors_End                            0x080000ec   Data           0  startup_stm32f103xb.o(RESET)
    __main                                   0x080000ed   Thumb Code     8  __main.o(!!!main)
    __scatterload                            0x080000f5   Thumb Code     0  __scatter.o(!!!scatter)
    __scatterload_rt2                        0x080000f5   Thumb Code    44  __scatter.o(!!!scatter)
    __scatterload_rt2_thumb_only             0x080000f5   Thumb Code     0  __scatter.o(!!!scatter)
    __scatterload_null                       0x08000103   Thumb Code     0  __scatter.o(!!!scatter)
    __scatterload_copy                       0x08000129   Thumb Code    26  __scatter_copy.o(!!handler_copy)
    __scatterload_zeroinit                   0x08000145   Thumb Code    28  __scatter_zi.o(!!handler_zi)
    _printf_f                                0x08000161   Thumb Code     0  _printf_f.o(.ARM.Collect$$_printf_percent$$00000003)
    _printf_percent                          0x08000161   Thumb Code     0  _printf_percent.o(.ARM.Collect$$_printf_percent$$00000000)
    _printf_d                                0x08000167   Thumb Code     0  _printf_d.o(.ARM.Collect$$_printf_percent$$00000009)
    _printf_u                                0x0800016d   Thumb Code     0  _printf_u.o(.ARM.Collect$$_printf_percent$$0000000A)
    _printf_s                                0x08000173   Thumb Code     0  _printf_s.o(.ARM.Collect$$_printf_percent$$00000014)
    _printf_percent_end                      0x08000179   Thumb Code     0  _printf_percent_end.o(.ARM.Collect$$_printf_percent$$00000017)
    __rt_lib_init                            0x0800017d   Thumb Code     0  libinit.o(.ARM.Collect$$libinit$$00000000)
    __rt_lib_init_fp_1                       0x0800017f   Thumb Code     0  libinit2.o(.ARM.Collect$$libinit$$00000002)
    __rt_lib_init_heap_1                     0x0800017f   Thumb Code     0  libinit2.o(.ARM.Collect$$libinit$$0000000A)
    __rt_lib_init_lc_common                  0x0800017f   Thumb Code     0  libinit2.o(.ARM.Collect$$libinit$$0000000F)
    __rt_lib_init_preinit_1                  0x0800017f   Thumb Code     0  libinit2.o(.ARM.Collect$$libinit$$00000004)
    __rt_lib_init_rand_1                     0x0800017f   Thumb Code     0  libinit2.o(.ARM.Collect$$libinit$$0000000E)
    __rt_lib_init_user_alloc_1               0x0800017f   Thumb Code     0  libinit2.o(.ARM.Collect$$libinit$$0000000C)
    __rt_lib_init_lc_collate_1               0x08000185   Thumb Code     0  libinit2.o(.ARM.Collect$$libinit$$00000011)
    __rt_lib_init_lc_ctype_1                 0x08000185   Thumb Code     0  libinit2.o(.ARM.Collect$$libinit$$00000013)
    __rt_lib_init_lc_monetary_1              0x08000185   Thumb Code     0  libinit2.o(.ARM.Collect$$libinit$$00000015)
    __rt_lib_init_lc_numeric_2               0x08000185   Thumb Code     0  libinit2.o(.ARM.Collect$$libinit$$00000016)
    __rt_lib_init_alloca_1                   0x0800018f   Thumb Code     0  libinit2.o(.ARM.Collect$$libinit$$0000002E)
    __rt_lib_init_argv_1                     0x0800018f   Thumb Code     0  libinit2.o(.ARM.Collect$$libinit$$0000002C)
    __rt_lib_init_atexit_1                   0x0800018f   Thumb Code     0  libinit2.o(.ARM.Collect$$libinit$$0000001B)
    __rt_lib_init_clock_1                    0x0800018f   Thumb Code     0  libinit2.o(.ARM.Collect$$libinit$$00000021)
    __rt_lib_init_cpp_1                      0x0800018f   Thumb Code     0  libinit2.o(.ARM.Collect$$libinit$$00000032)
    __rt_lib_init_exceptions_1               0x0800018f   Thumb Code     0  libinit2.o(.ARM.Collect$$libinit$$00000030)
    __rt_lib_init_fp_trap_1                  0x0800018f   Thumb Code     0  libinit2.o(.ARM.Collect$$libinit$$0000001F)
    __rt_lib_init_getenv_1                   0x0800018f   Thumb Code     0  libinit2.o(.ARM.Collect$$libinit$$00000023)
    __rt_lib_init_lc_numeric_1               0x0800018f   Thumb Code     0  libinit2.o(.ARM.Collect$$libinit$$00000017)
    __rt_lib_init_lc_time_1                  0x0800018f   Thumb Code     0  libinit2.o(.ARM.Collect$$libinit$$00000019)
    __rt_lib_init_return                     0x0800018f   Thumb Code     0  libinit2.o(.ARM.Collect$$libinit$$00000033)
    __rt_lib_init_signal_1                   0x0800018f   Thumb Code     0  libinit2.o(.ARM.Collect$$libinit$$0000001D)
    __rt_lib_init_stdio_1                    0x0800018f   Thumb Code     0  libinit2.o(.ARM.Collect$$libinit$$00000025)
    __rt_lib_shutdown                        0x08000191   Thumb Code     0  libshutdown.o(.ARM.Collect$$libshutdown$$00000000)
    __rt_lib_shutdown_cpp_1                  0x08000193   Thumb Code     0  libshutdown2.o(.ARM.Collect$$libshutdown$$00000002)
    __rt_lib_shutdown_fp_trap_1              0x08000193   Thumb Code     0  libshutdown2.o(.ARM.Collect$$libshutdown$$00000007)
    __rt_lib_shutdown_heap_1                 0x08000193   Thumb Code     0  libshutdown2.o(.ARM.Collect$$libshutdown$$0000000F)
    __rt_lib_shutdown_return                 0x08000193   Thumb Code     0  libshutdown2.o(.ARM.Collect$$libshutdown$$00000010)
    __rt_lib_shutdown_signal_1               0x08000193   Thumb Code     0  libshutdown2.o(.ARM.Collect$$libshutdown$$0000000A)
    __rt_lib_shutdown_stdio_1                0x08000193   Thumb Code     0  libshutdown2.o(.ARM.Collect$$libshutdown$$00000004)
    __rt_lib_shutdown_user_alloc_1           0x08000193   Thumb Code     0  libshutdown2.o(.ARM.Collect$$libshutdown$$0000000C)
    __rt_entry                               0x08000195   Thumb Code     0  __rtentry.o(.ARM.Collect$$rtentry$$00000000)
    __rt_entry_presh_1                       0x08000195   Thumb Code     0  __rtentry2.o(.ARM.Collect$$rtentry$$00000002)
    __rt_entry_sh                            0x08000195   Thumb Code     0  __rtentry4.o(.ARM.Collect$$rtentry$$00000004)
    __rt_entry_li                            0x0800019b   Thumb Code     0  __rtentry2.o(.ARM.Collect$$rtentry$$0000000A)
    __rt_entry_postsh_1                      0x0800019b   Thumb Code     0  __rtentry2.o(.ARM.Collect$$rtentry$$00000009)
    __rt_entry_main                          0x0800019f   Thumb Code     0  __rtentry2.o(.ARM.Collect$$rtentry$$0000000D)
    __rt_entry_postli_1                      0x0800019f   Thumb Code     0  __rtentry2.o(.ARM.Collect$$rtentry$$0000000C)
    __rt_exit                                0x080001a7   Thumb Code     0  rtexit.o(.ARM.Collect$$rtexit$$00000000)
    __rt_exit_ls                             0x080001a9   Thumb Code     0  rtexit2.o(.ARM.Collect$$rtexit$$00000003)
    __rt_exit_prels_1                        0x080001a9   Thumb Code     0  rtexit2.o(.ARM.Collect$$rtexit$$00000002)
    __rt_exit_exit                           0x080001ad   Thumb Code     0  rtexit2.o(.ARM.Collect$$rtexit$$00000004)
    Reset_Handler                            0x080001b5   Thumb Code     8  startup_stm32f103xb.o(.text)
    ADC1_2_IRQHandler                        0x080001cf   Thumb Code     0  startup_stm32f103xb.o(.text)
    CAN1_RX1_IRQHandler                      0x080001cf   Thumb Code     0  startup_stm32f103xb.o(.text)
    CAN1_SCE_IRQHandler                      0x080001cf   Thumb Code     0  startup_stm32f103xb.o(.text)
    DMA1_Channel1_IRQHandler                 0x080001cf   Thumb Code     0  startup_stm32f103xb.o(.text)
    DMA1_Channel2_IRQHandler                 0x080001cf   Thumb Code     0  startup_stm32f103xb.o(.text)
    DMA1_Channel3_IRQHandler                 0x080001cf   Thumb Code     0  startup_stm32f103xb.o(.text)
    DMA1_Channel6_IRQHandler                 0x080001cf   Thumb Code     0  startup_stm32f103xb.o(.text)
    DMA1_Channel7_IRQHandler                 0x080001cf   Thumb Code     0  startup_stm32f103xb.o(.text)
    EXTI0_IRQHandler                         0x080001cf   Thumb Code     0  startup_stm32f103xb.o(.text)
    EXTI1_IRQHandler                         0x080001cf   Thumb Code     0  startup_stm32f103xb.o(.text)
    EXTI2_IRQHandler                         0x080001cf   Thumb Code     0  startup_stm32f103xb.o(.text)
    EXTI3_IRQHandler                         0x080001cf   Thumb Code     0  startup_stm32f103xb.o(.text)
    EXTI4_IRQHandler                         0x080001cf   Thumb Code     0  startup_stm32f103xb.o(.text)
    EXTI9_5_IRQHandler                       0x080001cf   Thumb Code     0  startup_stm32f103xb.o(.text)
    FLASH_IRQHandler                         0x080001cf   Thumb Code     0  startup_stm32f103xb.o(.text)
    I2C1_ER_IRQHandler                       0x080001cf   Thumb Code     0  startup_stm32f103xb.o(.text)
    I2C1_EV_IRQHandler                       0x080001cf   Thumb Code     0  startup_stm32f103xb.o(.text)
    I2C2_ER_IRQHandler                       0x080001cf   Thumb Code     0  startup_stm32f103xb.o(.text)
    I2C2_EV_IRQHandler                       0x080001cf   Thumb Code     0  startup_stm32f103xb.o(.text)
    PVD_IRQHandler                           0x080001cf   Thumb Code     0  startup_stm32f103xb.o(.text)
    RCC_IRQHandler                           0x080001cf   Thumb Code     0  startup_stm32f103xb.o(.text)
    RTC_Alarm_IRQHandler                     0x080001cf   Thumb Code     0  startup_stm32f103xb.o(.text)
    RTC_IRQHandler                           0x080001cf   Thumb Code     0  startup_stm32f103xb.o(.text)
    SPI1_IRQHandler                          0x080001cf   Thumb Code     0  startup_stm32f103xb.o(.text)
    SPI2_IRQHandler                          0x080001cf   Thumb Code     0  startup_stm32f103xb.o(.text)
    TAMPER_IRQHandler                        0x080001cf   Thumb Code     0  startup_stm32f103xb.o(.text)
    TIM1_BRK_IRQHandler                      0x080001cf   Thumb Code     0  startup_stm32f103xb.o(.text)
    TIM1_CC_IRQHandler                       0x080001cf   Thumb Code     0  startup_stm32f103xb.o(.text)
    TIM1_TRG_COM_IRQHandler                  0x080001cf   Thumb Code     0  startup_stm32f103xb.o(.text)
    TIM1_UP_IRQHandler                       0x080001cf   Thumb Code     0  startup_stm32f103xb.o(.text)
    TIM2_IRQHandler                          0x080001cf   Thumb Code     0  startup_stm32f103xb.o(.text)
    TIM3_IRQHandler                          0x080001cf   Thumb Code     0  startup_stm32f103xb.o(.text)
    TIM4_IRQHandler                          0x080001cf   Thumb Code     0  startup_stm32f103xb.o(.text)
    USART3_IRQHandler                        0x080001cf   Thumb Code     0  startup_stm32f103xb.o(.text)
    USBWakeUp_IRQHandler                     0x080001cf   Thumb Code     0  startup_stm32f103xb.o(.text)
    USB_HP_CAN1_TX_IRQHandler                0x080001cf   Thumb Code     0  startup_stm32f103xb.o(.text)
    USB_LP_CAN1_RX0_IRQHandler               0x080001cf   Thumb Code     0  startup_stm32f103xb.o(.text)
    WWDG_IRQHandler                          0x080001cf   Thumb Code     0  startup_stm32f103xb.o(.text)
    __user_initial_stackheap                 0x080001d1   Thumb Code     0  startup_stm32f103xb.o(.text)
    __aeabi_llsr                             0x080001f5   Thumb Code     0  llushr.o(.text)
    _ll_ushift_r                             0x080001f5   Thumb Code    38  llushr.o(.text)
    __2sprintf                               0x0800021d   Thumb Code    38  __2sprintf.o(.text)
    __2snprintf                              0x08000249   Thumb Code    50  __2snprintf.o(.text)
    _printf_str                              0x08000281   Thumb Code    82  _printf_str.o(.text)
    _printf_int_dec                          0x080002d5   Thumb Code   104  _printf_dec.o(.text)
    __printf                                 0x0800034d   Thumb Code   388  __printf_flags_ss_wp.o(.text)
    strstr                                   0x080004d5   Thumb Code    36  strstr.o(.text)
    strlen                                   0x080004f9   Thumb Code    62  strlen.o(.text)
    __aeabi_memcpy                           0x08000537   Thumb Code     0  rt_memcpy_v6.o(.text)
    __rt_memcpy                              0x08000537   Thumb Code   138  rt_memcpy_v6.o(.text)
    _memcpy_lastbytes                        0x0800059d   Thumb Code     0  rt_memcpy_v6.o(.text)
    __aeabi_memcpy4                          0x080005c1   Thumb Code     0  rt_memcpy_w.o(.text)
    __aeabi_memcpy8                          0x080005c1   Thumb Code     0  rt_memcpy_w.o(.text)
    __rt_memcpy_w                            0x080005c1   Thumb Code   100  rt_memcpy_w.o(.text)
    _memcpy_lastbytes_aligned                0x08000609   Thumb Code     0  rt_memcpy_w.o(.text)
    __aeabi_memclr                           0x08000625   Thumb Code     0  rt_memclr.o(.text)
    __rt_memclr                              0x08000625   Thumb Code    68  rt_memclr.o(.text)
    _memset                                  0x08000629   Thumb Code     0  rt_memclr.o(.text)
    __aeabi_memclr4                          0x08000669   Thumb Code     0  rt_memclr_w.o(.text)
    __aeabi_memclr8                          0x08000669   Thumb Code     0  rt_memclr_w.o(.text)
    __rt_memclr_w                            0x08000669   Thumb Code    78  rt_memclr_w.o(.text)
    _memset_w                                0x0800066d   Thumb Code     0  rt_memclr_w.o(.text)
    strcmp                                   0x080006b9   Thumb Code   128  strcmpv7m.o(.text)
    __use_two_region_memory                  0x08000739   Thumb Code     2  heapauxi.o(.text)
    __rt_heap_escrow                         0x0800073b   Thumb Code     2  heapauxi.o(.text)
    __rt_heap_expand                         0x0800073d   Thumb Code     2  heapauxi.o(.text)
    _printf_int_common                       0x0800073f   Thumb Code   178  _printf_intcommon.o(.text)
    __lib_sel_fp_printf                      0x080007f1   Thumb Code     2  _printf_fp_dec.o(.text)
    _printf_fp_dec_real                      0x080009a3   Thumb Code   620  _printf_fp_dec.o(.text)
    _printf_char_common                      0x08000c1b   Thumb Code    32  _printf_char_common.o(.text)
    _sputc                                   0x08000c41   Thumb Code    10  _sputc.o(.text)
    _snputc                                  0x08000c4b   Thumb Code    16  _snputc.o(.text)
    _printf_cs_common                        0x08000c5b   Thumb Code    20  _printf_char.o(.text)
    _printf_char                             0x08000c6f   Thumb Code    16  _printf_char.o(.text)
    _printf_string                           0x08000c7f   Thumb Code     8  _printf_char.o(.text)
    __user_libspace                          0x08000c89   Thumb Code     8  libspace.o(.text)
    __user_perproc_libspace                  0x08000c89   Thumb Code     0  libspace.o(.text)
    __user_perthread_libspace                0x08000c89   Thumb Code     0  libspace.o(.text)
    __rt_locale                              0x08000c91   Thumb Code     8  rt_locale_intlibspace.o(.text)
    _ll_udiv10                               0x08000c99   Thumb Code   138  lludiv10.o(.text)
    _printf_fp_infnan                        0x08000d25   Thumb Code   112  _printf_fp_infnan.o(.text)
    _btod_etento                             0x08000da5   Thumb Code   224  bigflt0.o(.text)
    __I$use$semihosting                      0x08000e89   Thumb Code     0  use_no_semi.o(.text)
    __use_no_semihosting_swi                 0x08000e89   Thumb Code     2  use_no_semi.o(.text)
    __semihosting_library_function           0x08000e8b   Thumb Code     0  indicate_semi.o(.text)
    __user_setup_stackheap                   0x08000e8b   Thumb Code    74  sys_stackheap_outer.o(.text)
    exit                                     0x08000ed5   Thumb Code    18  exit.o(.text)
    _sys_exit                                0x08000ee9   Thumb Code     8  sys_exit.o(.text)
    _btod_d2e                                0x08000ef5   Thumb Code    62  btod.o(CL$$btod_d2e)
    _d2e_denorm_low                          0x08000f33   Thumb Code    70  btod.o(CL$$btod_d2e_denorm_low)
    _d2e_norm_op1                            0x08000f79   Thumb Code    96  btod.o(CL$$btod_d2e_norm_op1)
    __btod_div_common                        0x08000fd9   Thumb Code   696  btod.o(CL$$btod_div_common)
    _e2e                                     0x08001311   Thumb Code   220  btod.o(CL$$btod_e2e)
    _btod_ediv                               0x080013ed   Thumb Code    42  btod.o(CL$$btod_ediv)
    _btod_emul                               0x08001417   Thumb Code    42  btod.o(CL$$btod_emul)
    __btod_mult_common                       0x08001441   Thumb Code   580  btod.o(CL$$btod_mult_common)
    ADC1_ReadValue                           0x08001685   Thumb Code    38  adc.o(i.ADC1_ReadValue)
    ADC_ConversionStop_Disable               0x080016b1   Thumb Code    86  stm32f1xx_hal_adc.o(i.ADC_ConversionStop_Disable)
    ADC_Enable                               0x08001709   Thumb Code   114  stm32f1xx_hal_adc.o(i.ADC_Enable)
    BusFault_Handler                         0x08001785   Thumb Code     2  stm32f1xx_it.o(i.BusFault_Handler)
    CO2_GetConcentration                     0x08001789   Thumb Code     6  co2.o(i.CO2_GetConcentration)
    CO2_Init                                 0x08001795   Thumb Code    16  co2.o(i.CO2_Init)
    CO2_ProcessData                          0x080017b1   Thumb Code    76  co2.o(i.CO2_ProcessData)
    Coarse_delay_us                          0x0800180d   Thumb Code    22  dht11.o(i.Coarse_delay_us)
    DHT11_Check                              0x08001829   Thumb Code    26  dht11.o(i.DHT11_Check)
    DHT11_READ_BIT                           0x08001875   Thumb Code    50  dht11.o(i.DHT11_READ_BIT)
    DHT11_READ_BYTE                          0x080018ad   Thumb Code    32  dht11.o(i.DHT11_READ_BYTE)
    DHT11_READ_DATA                          0x080018cd   Thumb Code   114  dht11.o(i.DHT11_READ_DATA)
    DHT11_START                              0x08001945   Thumb Code    34  dht11.o(i.DHT11_START)
    DMA1_Channel4_IRQHandler                 0x0800196d   Thumb Code     6  stm32f1xx_it.o(i.DMA1_Channel4_IRQHandler)
    DMA1_Channel5_IRQHandler                 0x08001979   Thumb Code     6  stm32f1xx_it.o(i.DMA1_Channel5_IRQHandler)
    DebugMon_Handler                         0x080019af   Thumb Code     2  stm32f1xx_it.o(i.DebugMon_Handler)
    ESP8266_Clear                            0x080019b1   Thumb Code    20  esp8266.o(i.ESP8266_Clear)
    ESP8266_ConnectCloud                     0x080019cd   Thumb Code   418  esp8266.o(i.ESP8266_ConnectCloud)
    ESP8266_ConnectWiFi                      0x08001c71   Thumb Code   118  esp8266.o(i.ESP8266_ConnectWiFi)
    ESP8266_Init                             0x08001d61   Thumb Code   282  esp8266.o(i.ESP8266_Init)
    ESP8266_MQTT_Publish                     0x08001f71   Thumb Code   162  esp8266.o(i.ESP8266_MQTT_Publish)
    ESP8266_MQTT_Subscribe                   0x0800204d   Thumb Code   258  esp8266.o(i.ESP8266_MQTT_Subscribe)
    ESP8266_SendCmd                          0x080021e1   Thumb Code   168  esp8266.o(i.ESP8266_SendCmd)
    EXTI15_10_IRQHandler                     0x08002295   Thumb Code    30  stm32f1xx_it.o(i.EXTI15_10_IRQHandler)
    Error_Handler                            0x080022b3   Thumb Code     4  main.o(i.Error_Handler)
    FLASH_PageErase                          0x080022dd   Thumb Code    28  stm32f1xx_hal_flash_ex.o(i.FLASH_PageErase)
    FLASH_WaitForLastOperation               0x08002379   Thumb Code    80  stm32f1xx_hal_flash.o(i.FLASH_WaitForLastOperation)
    HAL_ADC_ConfigChannel                    0x080023cd   Thumb Code   240  stm32f1xx_hal_adc.o(i.HAL_ADC_ConfigChannel)
    HAL_ADC_GetValue                         0x080024c9   Thumb Code     6  stm32f1xx_hal_adc.o(i.HAL_ADC_GetValue)
    HAL_ADC_Init                             0x080024d1   Thumb Code   272  stm32f1xx_hal_adc.o(i.HAL_ADC_Init)
    HAL_ADC_MspInit                          0x080025ed   Thumb Code    76  adc.o(i.HAL_ADC_MspInit)
    HAL_ADC_PollForConversion                0x08002645   Thumb Code   304  stm32f1xx_hal_adc.o(i.HAL_ADC_PollForConversion)
    HAL_ADC_Start                            0x08002781   Thumb Code   184  stm32f1xx_hal_adc.o(i.HAL_ADC_Start)
    HAL_ADC_Stop                             0x08002841   Thumb Code    52  stm32f1xx_hal_adc.o(i.HAL_ADC_Stop)
    HAL_DMA_Abort                            0x08002875   Thumb Code    70  stm32f1xx_hal_dma.o(i.HAL_DMA_Abort)
    HAL_DMA_Abort_IT                         0x080028bd   Thumb Code   148  stm32f1xx_hal_dma.o(i.HAL_DMA_Abort_IT)
    HAL_DMA_IRQHandler                       0x08002955   Thumb Code   316  stm32f1xx_hal_dma.o(i.HAL_DMA_IRQHandler)
    HAL_DMA_Init                             0x08002aa9   Thumb Code    84  stm32f1xx_hal_dma.o(i.HAL_DMA_Init)
    HAL_DMA_Start_IT                         0x08002b05   Thumb Code   112  stm32f1xx_hal_dma.o(i.HAL_DMA_Start_IT)
    HAL_Delay                                0x08002b75   Thumb Code    32  stm32f1xx_hal.o(i.HAL_Delay)
    HAL_FLASHEx_Erase                        0x08002b99   Thumb Code   160  stm32f1xx_hal_flash_ex.o(i.HAL_FLASHEx_Erase)
    HAL_FLASH_Lock                           0x08002c41   Thumb Code    14  stm32f1xx_hal_flash.o(i.HAL_FLASH_Lock)
    HAL_FLASH_Program                        0x08002c55   Thumb Code   120  stm32f1xx_hal_flash.o(i.HAL_FLASH_Program)
    HAL_FLASH_Unlock                         0x08002cd5   Thumb Code    28  stm32f1xx_hal_flash.o(i.HAL_FLASH_Unlock)
    HAL_GPIO_EXTI_Callback                   0x08002cfd   Thumb Code    34  main.o(i.HAL_GPIO_EXTI_Callback)
    HAL_GPIO_EXTI_IRQHandler                 0x08002d25   Thumb Code    18  stm32f1xx_hal_gpio.o(i.HAL_GPIO_EXTI_IRQHandler)
    HAL_GPIO_Init                            0x08002d3d   Thumb Code   446  stm32f1xx_hal_gpio.o(i.HAL_GPIO_Init)
    HAL_GPIO_ReadPin                         0x08002f1d   Thumb Code    10  stm32f1xx_hal_gpio.o(i.HAL_GPIO_ReadPin)
    HAL_GPIO_WritePin                        0x08002f27   Thumb Code    10  stm32f1xx_hal_gpio.o(i.HAL_GPIO_WritePin)
    HAL_GetTick                              0x08002f31   Thumb Code     6  stm32f1xx_hal.o(i.HAL_GetTick)
    HAL_IncTick                              0x08002f3d   Thumb Code    12  stm32f1xx_hal.o(i.HAL_IncTick)
    HAL_Init                                 0x08002f4d   Thumb Code    32  stm32f1xx_hal.o(i.HAL_Init)
    HAL_InitTick                             0x08002f71   Thumb Code    54  stm32f1xx_hal.o(i.HAL_InitTick)
    HAL_MspInit                              0x08002fb1   Thumb Code    52  stm32f1xx_hal_msp.o(i.HAL_MspInit)
    HAL_NVIC_EnableIRQ                       0x08002fed   Thumb Code    26  stm32f1xx_hal_cortex.o(i.HAL_NVIC_EnableIRQ)
    HAL_NVIC_SetPriority                     0x08003009   Thumb Code    60  stm32f1xx_hal_cortex.o(i.HAL_NVIC_SetPriority)
    HAL_NVIC_SetPriorityGrouping             0x08003049   Thumb Code    26  stm32f1xx_hal_cortex.o(i.HAL_NVIC_SetPriorityGrouping)
    HAL_RCCEx_GetPeriphCLKFreq               0x0800306d   Thumb Code   148  stm32f1xx_hal_rcc_ex.o(i.HAL_RCCEx_GetPeriphCLKFreq)
    HAL_RCCEx_PeriphCLKConfig                0x08003111   Thumb Code   224  stm32f1xx_hal_rcc_ex.o(i.HAL_RCCEx_PeriphCLKConfig)
    HAL_RCC_ClockConfig                      0x080031fd   Thumb Code   280  stm32f1xx_hal_rcc.o(i.HAL_RCC_ClockConfig)
    HAL_RCC_GetHCLKFreq                      0x08003329   Thumb Code     6  stm32f1xx_hal_rcc.o(i.HAL_RCC_GetHCLKFreq)
    HAL_RCC_GetPCLK1Freq                     0x08003335   Thumb Code    20  stm32f1xx_hal_rcc.o(i.HAL_RCC_GetPCLK1Freq)
    HAL_RCC_GetPCLK2Freq                     0x08003355   Thumb Code    20  stm32f1xx_hal_rcc.o(i.HAL_RCC_GetPCLK2Freq)
    HAL_RCC_GetSysClockFreq                  0x08003375   Thumb Code    58  stm32f1xx_hal_rcc.o(i.HAL_RCC_GetSysClockFreq)
    HAL_RCC_OscConfig                        0x080033c1   Thumb Code   778  stm32f1xx_hal_rcc.o(i.HAL_RCC_OscConfig)
    HAL_SYSTICK_Config                       0x080036e1   Thumb Code    40  stm32f1xx_hal_cortex.o(i.HAL_SYSTICK_Config)
    HAL_UARTEx_RxEventCallback               0x08003709   Thumb Code     2  stm32f1xx_hal_uart.o(i.HAL_UARTEx_RxEventCallback)
    HAL_UART_DMAStop                         0x0800370b   Thumb Code   112  stm32f1xx_hal_uart.o(i.HAL_UART_DMAStop)
    HAL_UART_ErrorCallback                   0x0800377b   Thumb Code     2  stm32f1xx_hal_uart.o(i.HAL_UART_ErrorCallback)
    HAL_UART_IRQHandler                      0x0800377d   Thumb Code   616  stm32f1xx_hal_uart.o(i.HAL_UART_IRQHandler)
    HAL_UART_Init                            0x080039e9   Thumb Code   100  stm32f1xx_hal_uart.o(i.HAL_UART_Init)
    HAL_UART_MspInit                         0x08003a4d   Thumb Code   278  usart.o(i.HAL_UART_MspInit)
    HAL_UART_Receive_DMA                     0x08003b7d   Thumb Code    28  stm32f1xx_hal_uart.o(i.HAL_UART_Receive_DMA)
    HAL_UART_Receive_IT                      0x08003b99   Thumb Code    28  stm32f1xx_hal_uart.o(i.HAL_UART_Receive_IT)
    HAL_UART_RxCpltCallback                  0x08003bb5   Thumb Code    90  stm32f1xx_it.o(i.HAL_UART_RxCpltCallback)
    HAL_UART_RxHalfCpltCallback              0x08003c29   Thumb Code     2  stm32f1xx_hal_uart.o(i.HAL_UART_RxHalfCpltCallback)
    HAL_UART_Transmit                        0x08003c2b   Thumb Code   160  stm32f1xx_hal_uart.o(i.HAL_UART_Transmit)
    HAL_UART_TxCpltCallback                  0x08003ccb   Thumb Code     2  stm32f1xx_hal_uart.o(i.HAL_UART_TxCpltCallback)
    HardFault_Handler                        0x08003ccd   Thumb Code     2  stm32f1xx_it.o(i.HardFault_Handler)
    I2C_Start                                0x08003cd1   Thumb Code    64  oled.o(i.I2C_Start)
    I2C_Stop                                 0x08003d15   Thumb Code    46  oled.o(i.I2C_Stop)
    I2C_WaitAck                              0x08003d49   Thumb Code    52  oled.o(i.I2C_WaitAck)
    IIC_delay                                0x08003d81   Thumb Code    10  oled.o(i.IIC_delay)
    MQTT_Publish_Data                        0x08003d8d   Thumb Code    56  mqtt_publisher.o(i.MQTT_Publish_Data)
    MQTT_Publish_humidity                    0x08003e2d   Thumb Code     8  mqtt_publisher.o(i.MQTT_Publish_humidity)
    MQTT_Publish_mq5                         0x08003e41   Thumb Code     8  mqtt_publisher.o(i.MQTT_Publish_mq5)
    MQTT_Publish_temp                        0x08003e4d   Thumb Code     8  mqtt_publisher.o(i.MQTT_Publish_temp)
    MX_ADC1_Init                             0x08003e61   Thumb Code    70  adc.o(i.MX_ADC1_Init)
    MX_DMA_Init                              0x08003eb1   Thumb Code    56  dma.o(i.MX_DMA_Init)
    MX_GPIO_Init                             0x08003eed   Thumb Code   194  gpio.o(i.MX_GPIO_Init)
    MX_USART1_UART_Init                      0x08003fc1   Thumb Code    54  usart.o(i.MX_USART1_UART_Init)
    MX_USART2_UART_Init                      0x08004001   Thumb Code    48  usart.o(i.MX_USART2_UART_Init)
    MemManage_Handler                        0x08004039   Thumb Code     2  stm32f1xx_it.o(i.MemManage_Handler)
    NMI_Handler                              0x0800403b   Thumb Code     2  stm32f1xx_it.o(i.NMI_Handler)
    OLED_Clear                               0x0800403d   Thumb Code    40  oled.o(i.OLED_Clear)
    OLED_DrawPoint                           0x08004069   Thumb Code    40  oled.o(i.OLED_DrawPoint)
    OLED_Init                                0x08004095   Thumb Code   218  oled.o(i.OLED_Init)
    OLED_Refresh                             0x08004171   Thumb Code   100  oled.o(i.OLED_Refresh)
    OLED_ShowChar                            0x080041d9   Thumb Code   212  oled.o(i.OLED_ShowChar)
    OLED_ShowString                          0x080042bd   Thumb Code    60  oled.o(i.OLED_ShowString)
    OLED_WR_Byte                             0x080042f9   Thumb Code    54  oled.o(i.OLED_WR_Byte)
    PendSV_Handler                           0x0800432f   Thumb Code     2  stm32f1xx_it.o(i.PendSV_Handler)
    Process_Key_Events                       0x08004331   Thumb Code    94  main.o(i.Process_Key_Events)
    SVC_Handler                              0x08004395   Thumb Code     2  stm32f1xx_it.o(i.SVC_Handler)
    Send_Byte                                0x08004399   Thumb Code    78  oled.o(i.Send_Byte)
    SettingMode_Get                          0x080043ed   Thumb Code     6  settings.o(i.SettingMode_Get)
    SettingMode_Next                         0x080043f9   Thumb Code    18  settings.o(i.SettingMode_Next)
    SettingMode_Set                          0x08004411   Thumb Code     6  settings.o(i.SettingMode_Set)
    SettingValue_Decrease                    0x0800441d   Thumb Code    78  settings.o(i.SettingValue_Decrease)
    SettingValue_Increase                    0x08004479   Thumb Code    84  settings.o(i.SettingValue_Increase)
    Settings_Get                             0x080044f5   Thumb Code     4  settings.o(i.Settings_Get)
    Settings_Init                            0x080044fd   Thumb Code     4  settings.o(i.Settings_Init)
    Settings_Load                            0x08004501   Thumb Code    46  settings.o(i.Settings_Load)
    Settings_Save                            0x0800453d   Thumb Code    78  settings.o(i.Settings_Save)
    Settings_SetDefaults                     0x08004595   Thumb Code    36  settings.o(i.Settings_SetDefaults)
    SysTick_Handler                          0x080045c5   Thumb Code     4  stm32f1xx_it.o(i.SysTick_Handler)
    SystemClock_Config                       0x080045c9   Thumb Code   120  main.o(i.SystemClock_Config)
    SystemInit                               0x08004641   Thumb Code     2  system_stm32f1xx.o(i.SystemInit)
    UART_Start_Receive_DMA                   0x08004925   Thumb Code   130  stm32f1xx_hal_uart.o(i.UART_Start_Receive_DMA)
    UART_Start_Receive_IT                    0x080049b5   Thumb Code    54  stm32f1xx_hal_uart.o(i.UART_Start_Receive_IT)
    USART1_IRQHandler                        0x08004a5d   Thumb Code    76  stm32f1xx_it.o(i.USART1_IRQHandler)
    USART2_IRQHandler                        0x08004ab5   Thumb Code     6  stm32f1xx_it.o(i.USART2_IRQHandler)
    UsageFault_Handler                       0x08004ac1   Thumb Code     2  stm32f1xx_it.o(i.UsageFault_Handler)
    __ARM_fpclassify                         0x08004ac3   Thumb Code    40  fpclassify.o(i.__ARM_fpclassify)
    _is_digit                                0x08004b0b   Thumb Code    14  __printf_wp.o(i._is_digit)
    main                                     0x08004b19   Thumb Code   164  main.o(i.main)
    main_ui                                  0x08004c19   Thumb Code   208  ui.o(i.main_ui)
    setting_ui                               0x08004d31   Thumb Code   218  ui.o(i.setting_ui)
    _get_lc_numeric                          0x08004e75   Thumb Code    44  lc_numeric_c.o(locale$$code)
    __fpl_dretinf                            0x08004ea1   Thumb Code    12  dretinf.o(x$fpl$dretinf)
    __aeabi_f2d                              0x08004ead   Thumb Code     0  f2d.o(x$fpl$f2d)
    _f2d                                     0x08004ead   Thumb Code    86  f2d.o(x$fpl$f2d)
    __aeabi_fadd                             0x08004f05   Thumb Code     0  faddsub_clz.o(x$fpl$fadd)
    _fadd                                    0x08004f05   Thumb Code   196  faddsub_clz.o(x$fpl$fadd)
    __aeabi_ui2f                             0x08004fc9   Thumb Code     0  fflt_clz.o(x$fpl$ffltu)
    _ffltu                                   0x08004fc9   Thumb Code    38  fflt_clz.o(x$fpl$ffltu)
    __aeabi_fmul                             0x08004ff1   Thumb Code     0  fmul.o(x$fpl$fmul)
    _fmul                                    0x08004ff1   Thumb Code   258  fmul.o(x$fpl$fmul)
    __fpl_fnaninf                            0x080050f3   Thumb Code   140  fnaninf.o(x$fpl$fnaninf)
    __fpl_fretinf                            0x0800517f   Thumb Code    10  fretinf.o(x$fpl$fretinf)
    __aeabi_fsub                             0x08005189   Thumb Code     0  faddsub_clz.o(x$fpl$fsub)
    _fsub                                    0x08005189   Thumb Code   234  faddsub_clz.o(x$fpl$fsub)
    _printf_fp_dec                           0x08005273   Thumb Code     4  printf1.o(x$fpl$printf1)
    __I$use$fp                               0x08005276   Number         0  usenofp.o(x$fpl$usenofp)
    AHBPrescTable                            0x0800529a   Data          16  system_stm32f1xx.o(.constdata)
    APBPrescTable                            0x080052aa   Data           8  system_stm32f1xx.o(.constdata)
    asc2_0806                                0x080052b2   Data         552  oled.o(.constdata)
    asc2_1206                                0x080054da   Data        1140  oled.o(.constdata)
    asc2_1608                                0x0800594e   Data        1520  oled.o(.constdata)
    asc2_2412                                0x08005f3e   Data        3420  oled.o(.constdata)
    Region$$Table$$Base                      0x08006dbc   Number         0  anon$$obj.o(Region$$Table)
    Region$$Table$$Limit                     0x08006ddc   Number         0  anon$$obj.o(Region$$Table)
    key1_pressed                             0x20000000   Data           1  main.o(.data)
    key2_pressed                             0x20000001   Data           1  main.o(.data)
    key3_pressed                             0x20000002   Data           1  main.o(.data)
    uwTickFreq                               0x20000004   Data           1  stm32f1xx_hal.o(.data)
    uwTickPrio                               0x20000008   Data           4  stm32f1xx_hal.o(.data)
    uwTick                                   0x2000000c   Data           4  stm32f1xx_hal.o(.data)
    SystemCoreClock                          0x20000010   Data           4  system_stm32f1xx.o(.data)
    co2_rx_index                             0x20000014   Data           1  co2.o(.data)
    co2_concentration                        0x20000018   Data           4  co2.o(.data)
    esp8266_cnt                              0x2000001e   Data           2  esp8266.o(.data)
    esp8266_cntPre                           0x20000020   Data           2  esp8266.o(.data)
    msg_id                                   0x20000024   Data           4  mqtt_publisher.o(.data)
    hadc1                                    0x20000028   Data          48  adc.o(.bss)
    huart1                                   0x20000058   Data          72  usart.o(.bss)
    huart2                                   0x200000a0   Data          72  usart.o(.bss)
    hdma_usart1_tx                           0x200000e8   Data          68  usart.o(.bss)
    hdma_usart1_rx                           0x2000012c   Data          68  usart.o(.bss)
    pFlash                                   0x20000170   Data          32  stm32f1xx_hal_flash.o(.bss)
    OLED_GRAM                                0x20000190   Data        1152  oled.o(.bss)
    co2_rx_buffer                            0x20000610   Data           9  co2.o(.bss)
    esp8266_buf                              0x20000630   Data         512  esp8266.o(.bss)
    __libspace_start                         0x20000830   Data          96  libspace.o(.bss)
    __temporary_stack_top$libspace           0x20000890   Data           0  libspace.o(.bss)



==============================================================================

Memory Map of the image

  Image Entry point : 0x080000ed

  Load Region LR_IROM1 (Base: 0x08000000, Size: 0x00006e20, Max: 0x00010000, ABSOLUTE)

    Execution Region ER_IROM1 (Exec base: 0x08000000, Load base: 0x08000000, Size: 0x00006df8, Max: 0x00010000, ABSOLUTE)

    Exec Addr    Load Addr    Size         Type   Attr      Idx    E Section Name        Object

    0x08000000   0x08000000   0x000000ec   Data   RO            3    RESET               startup_stm32f103xb.o
    0x080000ec   0x080000ec   0x00000008   Code   RO         3521  * !!!main             c_w.l(__main.o)
    0x080000f4   0x080000f4   0x00000034   Code   RO         3930    !!!scatter          c_w.l(__scatter.o)
    0x08000128   0x08000128   0x0000001a   Code   RO         3932    !!handler_copy      c_w.l(__scatter_copy.o)
    0x08000142   0x08000142   0x00000002   PAD
    0x08000144   0x08000144   0x0000001c   Code   RO         3934    !!handler_zi        c_w.l(__scatter_zi.o)
    0x08000160   0x08000160   0x00000000   Code   RO         3498    .ARM.Collect$$_printf_percent$$00000000  c_w.l(_printf_percent.o)
    0x08000160   0x08000160   0x00000006   Code   RO         3496    .ARM.Collect$$_printf_percent$$00000003  c_w.l(_printf_f.o)
    0x08000166   0x08000166   0x00000006   Code   RO         3494    .ARM.Collect$$_printf_percent$$00000009  c_w.l(_printf_d.o)
    0x0800016c   0x0800016c   0x00000006   Code   RO         3495    .ARM.Collect$$_printf_percent$$0000000A  c_w.l(_printf_u.o)
    0x08000172   0x08000172   0x00000006   Code   RO         3491    .ARM.Collect$$_printf_percent$$00000014  c_w.l(_printf_s.o)
    0x08000178   0x08000178   0x00000004   Code   RO         3613    .ARM.Collect$$_printf_percent$$00000017  c_w.l(_printf_percent_end.o)
    0x0800017c   0x0800017c   0x00000002   Code   RO         3824    .ARM.Collect$$libinit$$00000000  c_w.l(libinit.o)
    0x0800017e   0x0800017e   0x00000000   Code   RO         3625    .ARM.Collect$$libinit$$00000002  c_w.l(libinit2.o)
    0x0800017e   0x0800017e   0x00000000   Code   RO         3627    .ARM.Collect$$libinit$$00000004  c_w.l(libinit2.o)
    0x0800017e   0x0800017e   0x00000000   Code   RO         3630    .ARM.Collect$$libinit$$0000000A  c_w.l(libinit2.o)
    0x0800017e   0x0800017e   0x00000000   Code   RO         3632    .ARM.Collect$$libinit$$0000000C  c_w.l(libinit2.o)
    0x0800017e   0x0800017e   0x00000000   Code   RO         3634    .ARM.Collect$$libinit$$0000000E  c_w.l(libinit2.o)
    0x0800017e   0x0800017e   0x00000006   Code   RO         3635    .ARM.Collect$$libinit$$0000000F  c_w.l(libinit2.o)
    0x08000184   0x08000184   0x00000000   Code   RO         3637    .ARM.Collect$$libinit$$00000011  c_w.l(libinit2.o)
    0x08000184   0x08000184   0x00000000   Code   RO         3639    .ARM.Collect$$libinit$$00000013  c_w.l(libinit2.o)
    0x08000184   0x08000184   0x00000000   Code   RO         3641    .ARM.Collect$$libinit$$00000015  c_w.l(libinit2.o)
    0x08000184   0x08000184   0x0000000a   Code   RO         3642    .ARM.Collect$$libinit$$00000016  c_w.l(libinit2.o)
    0x0800018e   0x0800018e   0x00000000   Code   RO         3643    .ARM.Collect$$libinit$$00000017  c_w.l(libinit2.o)
    0x0800018e   0x0800018e   0x00000000   Code   RO         3645    .ARM.Collect$$libinit$$00000019  c_w.l(libinit2.o)
    0x0800018e   0x0800018e   0x00000000   Code   RO         3647    .ARM.Collect$$libinit$$0000001B  c_w.l(libinit2.o)
    0x0800018e   0x0800018e   0x00000000   Code   RO         3649    .ARM.Collect$$libinit$$0000001D  c_w.l(libinit2.o)
    0x0800018e   0x0800018e   0x00000000   Code   RO         3651    .ARM.Collect$$libinit$$0000001F  c_w.l(libinit2.o)
    0x0800018e   0x0800018e   0x00000000   Code   RO         3653    .ARM.Collect$$libinit$$00000021  c_w.l(libinit2.o)
    0x0800018e   0x0800018e   0x00000000   Code   RO         3655    .ARM.Collect$$libinit$$00000023  c_w.l(libinit2.o)
    0x0800018e   0x0800018e   0x00000000   Code   RO         3657    .ARM.Collect$$libinit$$00000025  c_w.l(libinit2.o)
    0x0800018e   0x0800018e   0x00000000   Code   RO         3661    .ARM.Collect$$libinit$$0000002C  c_w.l(libinit2.o)
    0x0800018e   0x0800018e   0x00000000   Code   RO         3663    .ARM.Collect$$libinit$$0000002E  c_w.l(libinit2.o)
    0x0800018e   0x0800018e   0x00000000   Code   RO         3665    .ARM.Collect$$libinit$$00000030  c_w.l(libinit2.o)
    0x0800018e   0x0800018e   0x00000000   Code   RO         3667    .ARM.Collect$$libinit$$00000032  c_w.l(libinit2.o)
    0x0800018e   0x0800018e   0x00000002   Code   RO         3668    .ARM.Collect$$libinit$$00000033  c_w.l(libinit2.o)
    0x08000190   0x08000190   0x00000002   Code   RO         3921    .ARM.Collect$$libshutdown$$00000000  c_w.l(libshutdown.o)
    0x08000192   0x08000192   0x00000000   Code   RO         3850    .ARM.Collect$$libshutdown$$00000002  c_w.l(libshutdown2.o)
    0x08000192   0x08000192   0x00000000   Code   RO         3852    .ARM.Collect$$libshutdown$$00000004  c_w.l(libshutdown2.o)
    0x08000192   0x08000192   0x00000000   Code   RO         3855    .ARM.Collect$$libshutdown$$00000007  c_w.l(libshutdown2.o)
    0x08000192   0x08000192   0x00000000   Code   RO         3858    .ARM.Collect$$libshutdown$$0000000A  c_w.l(libshutdown2.o)
    0x08000192   0x08000192   0x00000000   Code   RO         3860    .ARM.Collect$$libshutdown$$0000000C  c_w.l(libshutdown2.o)
    0x08000192   0x08000192   0x00000000   Code   RO         3863    .ARM.Collect$$libshutdown$$0000000F  c_w.l(libshutdown2.o)
    0x08000192   0x08000192   0x00000002   Code   RO         3864    .ARM.Collect$$libshutdown$$00000010  c_w.l(libshutdown2.o)
    0x08000194   0x08000194   0x00000000   Code   RO         3573    .ARM.Collect$$rtentry$$00000000  c_w.l(__rtentry.o)
    0x08000194   0x08000194   0x00000000   Code   RO         3688    .ARM.Collect$$rtentry$$00000002  c_w.l(__rtentry2.o)
    0x08000194   0x08000194   0x00000006   Code   RO         3700    .ARM.Collect$$rtentry$$00000004  c_w.l(__rtentry4.o)
    0x0800019a   0x0800019a   0x00000000   Code   RO         3690    .ARM.Collect$$rtentry$$00000009  c_w.l(__rtentry2.o)
    0x0800019a   0x0800019a   0x00000004   Code   RO         3691    .ARM.Collect$$rtentry$$0000000A  c_w.l(__rtentry2.o)
    0x0800019e   0x0800019e   0x00000000   Code   RO         3693    .ARM.Collect$$rtentry$$0000000C  c_w.l(__rtentry2.o)
    0x0800019e   0x0800019e   0x00000008   Code   RO         3694    .ARM.Collect$$rtentry$$0000000D  c_w.l(__rtentry2.o)
    0x080001a6   0x080001a6   0x00000002   Code   RO         3835    .ARM.Collect$$rtexit$$00000000  c_w.l(rtexit.o)
    0x080001a8   0x080001a8   0x00000000   Code   RO         3880    .ARM.Collect$$rtexit$$00000002  c_w.l(rtexit2.o)
    0x080001a8   0x080001a8   0x00000004   Code   RO         3881    .ARM.Collect$$rtexit$$00000003  c_w.l(rtexit2.o)
    0x080001ac   0x080001ac   0x00000006   Code   RO         3882    .ARM.Collect$$rtexit$$00000004  c_w.l(rtexit2.o)
    0x080001b2   0x080001b2   0x00000002   PAD
    0x080001b4   0x080001b4   0x00000040   Code   RO            4    .text               startup_stm32f103xb.o
    0x080001f4   0x080001f4   0x00000026   Code   RO         3430    .text               c_w.l(llushr.o)
    0x0800021a   0x0800021a   0x00000002   PAD
    0x0800021c   0x0800021c   0x0000002c   Code   RO         3434    .text               c_w.l(__2sprintf.o)
    0x08000248   0x08000248   0x00000038   Code   RO         3436    .text               c_w.l(__2snprintf.o)
    0x08000280   0x08000280   0x00000052   Code   RO         3446    .text               c_w.l(_printf_str.o)
    0x080002d2   0x080002d2   0x00000002   PAD
    0x080002d4   0x080002d4   0x00000078   Code   RO         3448    .text               c_w.l(_printf_dec.o)
    0x0800034c   0x0800034c   0x00000188   Code   RO         3488    .text               c_w.l(__printf_flags_ss_wp.o)
    0x080004d4   0x080004d4   0x00000024   Code   RO         3501    .text               c_w.l(strstr.o)
    0x080004f8   0x080004f8   0x0000003e   Code   RO         3505    .text               c_w.l(strlen.o)
    0x08000536   0x08000536   0x0000008a   Code   RO         3509    .text               c_w.l(rt_memcpy_v6.o)
    0x080005c0   0x080005c0   0x00000064   Code   RO         3511    .text               c_w.l(rt_memcpy_w.o)
    0x08000624   0x08000624   0x00000044   Code   RO         3513    .text               c_w.l(rt_memclr.o)
    0x08000668   0x08000668   0x0000004e   Code   RO         3515    .text               c_w.l(rt_memclr_w.o)
    0x080006b6   0x080006b6   0x00000002   PAD
    0x080006b8   0x080006b8   0x00000080   Code   RO         3517    .text               c_w.l(strcmpv7m.o)
    0x08000738   0x08000738   0x00000006   Code   RO         3519    .text               c_w.l(heapauxi.o)
    0x0800073e   0x0800073e   0x000000b2   Code   RO         3601    .text               c_w.l(_printf_intcommon.o)
    0x080007f0   0x080007f0   0x0000041e   Code   RO         3603    .text               c_w.l(_printf_fp_dec.o)
    0x08000c0e   0x08000c0e   0x00000002   PAD
    0x08000c10   0x08000c10   0x00000030   Code   RO         3605    .text               c_w.l(_printf_char_common.o)
    0x08000c40   0x08000c40   0x0000000a   Code   RO         3607    .text               c_w.l(_sputc.o)
    0x08000c4a   0x08000c4a   0x00000010   Code   RO         3609    .text               c_w.l(_snputc.o)
    0x08000c5a   0x08000c5a   0x0000002c   Code   RO         3611    .text               c_w.l(_printf_char.o)
    0x08000c86   0x08000c86   0x00000002   PAD
    0x08000c88   0x08000c88   0x00000008   Code   RO         3684    .text               c_w.l(libspace.o)
    0x08000c90   0x08000c90   0x00000008   Code   RO         3705    .text               c_w.l(rt_locale_intlibspace.o)
    0x08000c98   0x08000c98   0x0000008a   Code   RO         3720    .text               c_w.l(lludiv10.o)
    0x08000d22   0x08000d22   0x00000002   PAD
    0x08000d24   0x08000d24   0x00000080   Code   RO         3724    .text               c_w.l(_printf_fp_infnan.o)
    0x08000da4   0x08000da4   0x000000e4   Code   RO         3730    .text               c_w.l(bigflt0.o)
    0x08000e88   0x08000e88   0x00000002   Code   RO         3794    .text               c_w.l(use_no_semi.o)
    0x08000e8a   0x08000e8a   0x00000000   Code   RO         3796    .text               c_w.l(indicate_semi.o)
    0x08000e8a   0x08000e8a   0x0000004a   Code   RO         3797    .text               c_w.l(sys_stackheap_outer.o)
    0x08000ed4   0x08000ed4   0x00000012   Code   RO         3809    .text               c_w.l(exit.o)
    0x08000ee6   0x08000ee6   0x00000002   PAD
    0x08000ee8   0x08000ee8   0x0000000c   Code   RO         3833    .text               c_w.l(sys_exit.o)
    0x08000ef4   0x08000ef4   0x0000003e   Code   RO         3733    CL$$btod_d2e        c_w.l(btod.o)
    0x08000f32   0x08000f32   0x00000046   Code   RO         3735    CL$$btod_d2e_denorm_low  c_w.l(btod.o)
    0x08000f78   0x08000f78   0x00000060   Code   RO         3734    CL$$btod_d2e_norm_op1  c_w.l(btod.o)
    0x08000fd8   0x08000fd8   0x00000338   Code   RO         3743    CL$$btod_div_common  c_w.l(btod.o)
    0x08001310   0x08001310   0x000000dc   Code   RO         3740    CL$$btod_e2e        c_w.l(btod.o)
    0x080013ec   0x080013ec   0x0000002a   Code   RO         3737    CL$$btod_ediv       c_w.l(btod.o)
    0x08001416   0x08001416   0x0000002a   Code   RO         3736    CL$$btod_emul       c_w.l(btod.o)
    0x08001440   0x08001440   0x00000244   Code   RO         3742    CL$$btod_mult_common  c_w.l(btod.o)
    0x08001684   0x08001684   0x0000002c   Code   RO          220    i.ADC1_ReadValue    adc.o
    0x080016b0   0x080016b0   0x00000056   Code   RO          512    i.ADC_ConversionStop_Disable  stm32f1xx_hal_adc.o
    0x08001706   0x08001706   0x00000002   PAD
    0x08001708   0x08001708   0x0000007c   Code   RO          516    i.ADC_Enable        stm32f1xx_hal_adc.o
    0x08001784   0x08001784   0x00000002   Code   RO          340    i.BusFault_Handler  stm32f1xx_it.o
    0x08001786   0x08001786   0x00000002   PAD
    0x08001788   0x08001788   0x0000000c   Code   RO         2424    i.CO2_GetConcentration  co2.o
    0x08001794   0x08001794   0x0000001c   Code   RO         2425    i.CO2_Init          co2.o
    0x080017b0   0x080017b0   0x0000005c   Code   RO         2426    i.CO2_ProcessData   co2.o
    0x0800180c   0x0800180c   0x0000001c   Code   RO         2321    i.Coarse_delay_us   dht11.o
    0x08001828   0x08001828   0x00000020   Code   RO         2322    i.DHT11_Check       dht11.o
    0x08001848   0x08001848   0x0000002c   Code   RO         2323    i.DHT11_GPIO_MODE_SET  dht11.o
    0x08001874   0x08001874   0x00000038   Code   RO         2324    i.DHT11_READ_BIT    dht11.o
    0x080018ac   0x080018ac   0x00000020   Code   RO         2325    i.DHT11_READ_BYTE   dht11.o
    0x080018cc   0x080018cc   0x00000078   Code   RO         2326    i.DHT11_READ_DATA   dht11.o
    0x08001944   0x08001944   0x00000028   Code   RO         2327    i.DHT11_START       dht11.o
    0x0800196c   0x0800196c   0x0000000c   Code   RO          341    i.DMA1_Channel4_IRQHandler  stm32f1xx_it.o
    0x08001978   0x08001978   0x0000000c   Code   RO          342    i.DMA1_Channel5_IRQHandler  stm32f1xx_it.o
    0x08001984   0x08001984   0x0000002a   Code   RO         1168    i.DMA_SetConfig     stm32f1xx_hal_dma.o
    0x080019ae   0x080019ae   0x00000002   Code   RO          343    i.DebugMon_Handler  stm32f1xx_it.o
    0x080019b0   0x080019b0   0x0000001c   Code   RO         3181    i.ESP8266_Clear     esp8266.o
    0x080019cc   0x080019cc   0x000002a4   Code   RO         3182    i.ESP8266_ConnectCloud  esp8266.o
    0x08001c70   0x08001c70   0x000000f0   Code   RO         3183    i.ESP8266_ConnectWiFi  esp8266.o
    0x08001d60   0x08001d60   0x00000210   Code   RO         3184    i.ESP8266_Init      esp8266.o
    0x08001f70   0x08001f70   0x000000dc   Code   RO         3185    i.ESP8266_MQTT_Publish  esp8266.o
    0x0800204c   0x0800204c   0x00000194   Code   RO         3186    i.ESP8266_MQTT_Subscribe  esp8266.o
    0x080021e0   0x080021e0   0x000000b4   Code   RO         3187    i.ESP8266_SendCmd   esp8266.o
    0x08002294   0x08002294   0x0000001e   Code   RO          344    i.EXTI15_10_IRQHandler  stm32f1xx_it.o
    0x080022b2   0x080022b2   0x00000004   Code   RO           13    i.Error_Handler     main.o
    0x080022b6   0x080022b6   0x00000002   PAD
    0x080022b8   0x080022b8   0x00000024   Code   RO         1608    i.FLASH_MassErase   stm32f1xx_hal_flash_ex.o
    0x080022dc   0x080022dc   0x00000024   Code   RO         1613    i.FLASH_PageErase   stm32f1xx_hal_flash_ex.o
    0x08002300   0x08002300   0x0000001c   Code   RO         1505    i.FLASH_Program_HalfWord  stm32f1xx_hal_flash.o
    0x0800231c   0x0800231c   0x0000005c   Code   RO         1506    i.FLASH_SetErrorCode  stm32f1xx_hal_flash.o
    0x08002378   0x08002378   0x00000054   Code   RO         1507    i.FLASH_WaitForLastOperation  stm32f1xx_hal_flash.o
    0x080023cc   0x080023cc   0x000000fc   Code   RO          518    i.HAL_ADC_ConfigChannel  stm32f1xx_hal_adc.o
    0x080024c8   0x080024c8   0x00000006   Code   RO          525    i.HAL_ADC_GetValue  stm32f1xx_hal_adc.o
    0x080024ce   0x080024ce   0x00000002   PAD
    0x080024d0   0x080024d0   0x0000011c   Code   RO          527    i.HAL_ADC_Init      stm32f1xx_hal_adc.o
    0x080025ec   0x080025ec   0x00000058   Code   RO          222    i.HAL_ADC_MspInit   adc.o
    0x08002644   0x08002644   0x0000013c   Code   RO          531    i.HAL_ADC_PollForConversion  stm32f1xx_hal_adc.o
    0x08002780   0x08002780   0x000000c0   Code   RO          533    i.HAL_ADC_Start     stm32f1xx_hal_adc.o
    0x08002840   0x08002840   0x00000034   Code   RO          536    i.HAL_ADC_Stop      stm32f1xx_hal_adc.o
    0x08002874   0x08002874   0x00000046   Code   RO         1169    i.HAL_DMA_Abort     stm32f1xx_hal_dma.o
    0x080028ba   0x080028ba   0x00000002   PAD
    0x080028bc   0x080028bc   0x00000098   Code   RO         1170    i.HAL_DMA_Abort_IT  stm32f1xx_hal_dma.o
    0x08002954   0x08002954   0x00000154   Code   RO         1174    i.HAL_DMA_IRQHandler  stm32f1xx_hal_dma.o
    0x08002aa8   0x08002aa8   0x0000005c   Code   RO         1175    i.HAL_DMA_Init      stm32f1xx_hal_dma.o
    0x08002b04   0x08002b04   0x00000070   Code   RO         1179    i.HAL_DMA_Start_IT  stm32f1xx_hal_dma.o
    0x08002b74   0x08002b74   0x00000024   Code   RO          795    i.HAL_Delay         stm32f1xx_hal.o
    0x08002b98   0x08002b98   0x000000a8   Code   RO         1614    i.HAL_FLASHEx_Erase  stm32f1xx_hal_flash_ex.o
    0x08002c40   0x08002c40   0x00000014   Code   RO         1511    i.HAL_FLASH_Lock    stm32f1xx_hal_flash.o
    0x08002c54   0x08002c54   0x00000080   Code   RO         1516    i.HAL_FLASH_Program  stm32f1xx_hal_flash.o
    0x08002cd4   0x08002cd4   0x00000028   Code   RO         1518    i.HAL_FLASH_Unlock  stm32f1xx_hal_flash.o
    0x08002cfc   0x08002cfc   0x00000028   Code   RO           14    i.HAL_GPIO_EXTI_Callback  main.o
    0x08002d24   0x08002d24   0x00000018   Code   RO         1104    i.HAL_GPIO_EXTI_IRQHandler  stm32f1xx_hal_gpio.o
    0x08002d3c   0x08002d3c   0x000001e0   Code   RO         1105    i.HAL_GPIO_Init     stm32f1xx_hal_gpio.o
    0x08002f1c   0x08002f1c   0x0000000a   Code   RO         1107    i.HAL_GPIO_ReadPin  stm32f1xx_hal_gpio.o
    0x08002f26   0x08002f26   0x0000000a   Code   RO         1109    i.HAL_GPIO_WritePin  stm32f1xx_hal_gpio.o
    0x08002f30   0x08002f30   0x0000000c   Code   RO          799    i.HAL_GetTick       stm32f1xx_hal.o
    0x08002f3c   0x08002f3c   0x00000010   Code   RO          805    i.HAL_IncTick       stm32f1xx_hal.o
    0x08002f4c   0x08002f4c   0x00000024   Code   RO          806    i.HAL_Init          stm32f1xx_hal.o
    0x08002f70   0x08002f70   0x00000040   Code   RO          807    i.HAL_InitTick      stm32f1xx_hal.o
    0x08002fb0   0x08002fb0   0x0000003c   Code   RO          452    i.HAL_MspInit       stm32f1xx_hal_msp.o
    0x08002fec   0x08002fec   0x0000001a   Code   RO         1265    i.HAL_NVIC_EnableIRQ  stm32f1xx_hal_cortex.o
    0x08003006   0x08003006   0x00000002   PAD
    0x08003008   0x08003008   0x00000040   Code   RO         1271    i.HAL_NVIC_SetPriority  stm32f1xx_hal_cortex.o
    0x08003048   0x08003048   0x00000024   Code   RO         1272    i.HAL_NVIC_SetPriorityGrouping  stm32f1xx_hal_cortex.o
    0x0800306c   0x0800306c   0x000000a4   Code   RO         1066    i.HAL_RCCEx_GetPeriphCLKFreq  stm32f1xx_hal_rcc_ex.o
    0x08003110   0x08003110   0x000000ec   Code   RO         1067    i.HAL_RCCEx_PeriphCLKConfig  stm32f1xx_hal_rcc_ex.o
    0x080031fc   0x080031fc   0x0000012c   Code   RO          963    i.HAL_RCC_ClockConfig  stm32f1xx_hal_rcc.o
    0x08003328   0x08003328   0x0000000c   Code   RO          968    i.HAL_RCC_GetHCLKFreq  stm32f1xx_hal_rcc.o
    0x08003334   0x08003334   0x00000020   Code   RO          970    i.HAL_RCC_GetPCLK1Freq  stm32f1xx_hal_rcc.o
    0x08003354   0x08003354   0x00000020   Code   RO          971    i.HAL_RCC_GetPCLK2Freq  stm32f1xx_hal_rcc.o
    0x08003374   0x08003374   0x0000004c   Code   RO          972    i.HAL_RCC_GetSysClockFreq  stm32f1xx_hal_rcc.o
    0x080033c0   0x080033c0   0x00000320   Code   RO          975    i.HAL_RCC_OscConfig  stm32f1xx_hal_rcc.o
    0x080036e0   0x080036e0   0x00000028   Code   RO         1276    i.HAL_SYSTICK_Config  stm32f1xx_hal_cortex.o
    0x08003708   0x08003708   0x00000002   Code   RO         1777    i.HAL_UARTEx_RxEventCallback  stm32f1xx_hal_uart.o
    0x0800370a   0x0800370a   0x00000070   Code   RO         1789    i.HAL_UART_DMAStop  stm32f1xx_hal_uart.o
    0x0800377a   0x0800377a   0x00000002   Code   RO         1791    i.HAL_UART_ErrorCallback  stm32f1xx_hal_uart.o
    0x0800377c   0x0800377c   0x0000026c   Code   RO         1794    i.HAL_UART_IRQHandler  stm32f1xx_hal_uart.o
    0x080039e8   0x080039e8   0x00000064   Code   RO         1795    i.HAL_UART_Init     stm32f1xx_hal_uart.o
    0x08003a4c   0x08003a4c   0x00000130   Code   RO          293    i.HAL_UART_MspInit  usart.o
    0x08003b7c   0x08003b7c   0x0000001c   Code   RO         1799    i.HAL_UART_Receive_DMA  stm32f1xx_hal_uart.o
    0x08003b98   0x08003b98   0x0000001c   Code   RO         1800    i.HAL_UART_Receive_IT  stm32f1xx_hal_uart.o
    0x08003bb4   0x08003bb4   0x00000074   Code   RO          345    i.HAL_UART_RxCpltCallback  stm32f1xx_it.o
    0x08003c28   0x08003c28   0x00000002   Code   RO         1802    i.HAL_UART_RxHalfCpltCallback  stm32f1xx_hal_uart.o
    0x08003c2a   0x08003c2a   0x000000a0   Code   RO         1803    i.HAL_UART_Transmit  stm32f1xx_hal_uart.o
    0x08003cca   0x08003cca   0x00000002   Code   RO         1806    i.HAL_UART_TxCpltCallback  stm32f1xx_hal_uart.o
    0x08003ccc   0x08003ccc   0x00000002   Code   RO          346    i.HardFault_Handler  stm32f1xx_it.o
    0x08003cce   0x08003cce   0x00000002   PAD
    0x08003cd0   0x08003cd0   0x00000044   Code   RO         2166    i.I2C_Start         oled.o
    0x08003d14   0x08003d14   0x00000034   Code   RO         2167    i.I2C_Stop          oled.o
    0x08003d48   0x08003d48   0x00000038   Code   RO         2168    i.I2C_WaitAck       oled.o
    0x08003d80   0x08003d80   0x0000000a   Code   RO         2169    i.IIC_delay         oled.o
    0x08003d8a   0x08003d8a   0x00000002   PAD
    0x08003d8c   0x08003d8c   0x000000a0   Code   RO         3269    i.MQTT_Publish_Data  mqtt_publisher.o
    0x08003e2c   0x08003e2c   0x00000014   Code   RO         3276    i.MQTT_Publish_humidity  mqtt_publisher.o
    0x08003e40   0x08003e40   0x0000000c   Code   RO         3277    i.MQTT_Publish_mq5  mqtt_publisher.o
    0x08003e4c   0x08003e4c   0x00000014   Code   RO         3278    i.MQTT_Publish_temp  mqtt_publisher.o
    0x08003e60   0x08003e60   0x00000050   Code   RO          223    i.MX_ADC1_Init      adc.o
    0x08003eb0   0x08003eb0   0x0000003c   Code   RO          268    i.MX_DMA_Init       dma.o
    0x08003eec   0x08003eec   0x000000d4   Code   RO          196    i.MX_GPIO_Init      gpio.o
    0x08003fc0   0x08003fc0   0x00000040   Code   RO          294    i.MX_USART1_UART_Init  usart.o
    0x08004000   0x08004000   0x00000038   Code   RO          295    i.MX_USART2_UART_Init  usart.o
    0x08004038   0x08004038   0x00000002   Code   RO          347    i.MemManage_Handler  stm32f1xx_it.o
    0x0800403a   0x0800403a   0x00000002   Code   RO          348    i.NMI_Handler       stm32f1xx_it.o
    0x0800403c   0x0800403c   0x0000002c   Code   RO         2170    i.OLED_Clear        oled.o
    0x08004068   0x08004068   0x0000002c   Code   RO         2177    i.OLED_DrawPoint    oled.o
    0x08004094   0x08004094   0x000000da   Code   RO         2178    i.OLED_Init         oled.o
    0x0800416e   0x0800416e   0x00000002   PAD
    0x08004170   0x08004170   0x00000068   Code   RO         2180    i.OLED_Refresh      oled.o
    0x080041d8   0x080041d8   0x000000e4   Code   RO         2181    i.OLED_ShowChar     oled.o
    0x080042bc   0x080042bc   0x0000003c   Code   RO         2184    i.OLED_ShowString   oled.o
    0x080042f8   0x080042f8   0x00000036   Code   RO         2185    i.OLED_WR_Byte      oled.o
    0x0800432e   0x0800432e   0x00000002   Code   RO          349    i.PendSV_Handler    stm32f1xx_it.o
    0x08004330   0x08004330   0x00000064   Code   RO           15    i.Process_Key_Events  main.o
    0x08004394   0x08004394   0x00000002   Code   RO          350    i.SVC_Handler       stm32f1xx_it.o
    0x08004396   0x08004396   0x00000002   PAD
    0x08004398   0x08004398   0x00000054   Code   RO         2186    i.Send_Byte         oled.o
    0x080043ec   0x080043ec   0x0000000c   Code   RO         2467    i.SettingMode_Get   settings.o
    0x080043f8   0x080043f8   0x00000018   Code   RO         2468    i.SettingMode_Next  settings.o
    0x08004410   0x08004410   0x0000000c   Code   RO         2470    i.SettingMode_Set   settings.o
    0x0800441c   0x0800441c   0x0000005c   Code   RO         2471    i.SettingValue_Decrease  settings.o
    0x08004478   0x08004478   0x00000064   Code   RO         2472    i.SettingValue_Increase  settings.o
    0x080044dc   0x080044dc   0x00000016   Code   RO         2473    i.Settings_CalculateCRC  settings.o
    0x080044f2   0x080044f2   0x00000002   PAD
    0x080044f4   0x080044f4   0x00000008   Code   RO         2474    i.Settings_Get      settings.o
    0x080044fc   0x080044fc   0x00000004   Code   RO         2475    i.Settings_Init     settings.o
    0x08004500   0x08004500   0x0000003c   Code   RO         2476    i.Settings_Load     settings.o
    0x0800453c   0x0800453c   0x00000058   Code   RO         2477    i.Settings_Save     settings.o
    0x08004594   0x08004594   0x00000030   Code   RO         2478    i.Settings_SetDefaults  settings.o
    0x080045c4   0x080045c4   0x00000004   Code   RO          351    i.SysTick_Handler   stm32f1xx_it.o
    0x080045c8   0x080045c8   0x00000078   Code   RO           16    i.SystemClock_Config  main.o
    0x08004640   0x08004640   0x00000002   Code   RO         2129    i.SystemInit        system_stm32f1xx.o
    0x08004642   0x08004642   0x00000010   Code   RO         1808    i.UART_DMAAbortOnError  stm32f1xx_hal_uart.o
    0x08004652   0x08004652   0x0000004a   Code   RO         1809    i.UART_DMAError     stm32f1xx_hal_uart.o
    0x0800469c   0x0800469c   0x00000086   Code   RO         1810    i.UART_DMAReceiveCplt  stm32f1xx_hal_uart.o
    0x08004722   0x08004722   0x0000001e   Code   RO         1812    i.UART_DMARxHalfCplt  stm32f1xx_hal_uart.o
    0x08004740   0x08004740   0x0000004e   Code   RO         1818    i.UART_EndRxTransfer  stm32f1xx_hal_uart.o
    0x0800478e   0x0800478e   0x0000001c   Code   RO         1819    i.UART_EndTxTransfer  stm32f1xx_hal_uart.o
    0x080047aa   0x080047aa   0x000000c2   Code   RO         1820    i.UART_Receive_IT   stm32f1xx_hal_uart.o
    0x0800486c   0x0800486c   0x000000b8   Code   RO         1821    i.UART_SetConfig    stm32f1xx_hal_uart.o
    0x08004924   0x08004924   0x00000090   Code   RO         1822    i.UART_Start_Receive_DMA  stm32f1xx_hal_uart.o
    0x080049b4   0x080049b4   0x00000036   Code   RO         1823    i.UART_Start_Receive_IT  stm32f1xx_hal_uart.o
    0x080049ea   0x080049ea   0x00000072   Code   RO         1824    i.UART_WaitOnFlagUntilTimeout  stm32f1xx_hal_uart.o
    0x08004a5c   0x08004a5c   0x00000058   Code   RO          352    i.USART1_IRQHandler  stm32f1xx_it.o
    0x08004ab4   0x08004ab4   0x0000000c   Code   RO          353    i.USART2_IRQHandler  stm32f1xx_it.o
    0x08004ac0   0x08004ac0   0x00000002   Code   RO          354    i.UsageFault_Handler  stm32f1xx_it.o
    0x08004ac2   0x08004ac2   0x00000028   Code   RO         3786    i.__ARM_fpclassify  m_ws.l(fpclassify.o)
    0x08004aea   0x08004aea   0x00000020   Code   RO         1278    i.__NVIC_SetPriority  stm32f1xx_hal_cortex.o
    0x08004b0a   0x08004b0a   0x0000000e   Code   RO         3481    i._is_digit         c_w.l(__printf_wp.o)
    0x08004b18   0x08004b18   0x00000100   Code   RO           17    i.main              main.o
    0x08004c18   0x08004c18   0x00000118   Code   RO         2380    i.main_ui           ui.o
    0x08004d30   0x08004d30   0x00000144   Code   RO         2381    i.setting_ui        ui.o
    0x08004e74   0x08004e74   0x0000002c   Code   RO         3759    locale$$code        c_w.l(lc_numeric_c.o)
    0x08004ea0   0x08004ea0   0x0000000c   Code   RO         3675    x$fpl$dretinf       fz_ws.l(dretinf.o)
    0x08004eac   0x08004eac   0x00000056   Code   RO         3545    x$fpl$f2d           fz_ws.l(f2d.o)
    0x08004f02   0x08004f02   0x00000002   PAD
    0x08004f04   0x08004f04   0x000000c4   Code   RO         3547    x$fpl$fadd          fz_ws.l(faddsub_clz.o)
    0x08004fc8   0x08004fc8   0x00000026   Code   RO         3553    x$fpl$ffltu         fz_ws.l(fflt_clz.o)
    0x08004fee   0x08004fee   0x00000002   PAD
    0x08004ff0   0x08004ff0   0x00000102   Code   RO         3559    x$fpl$fmul          fz_ws.l(fmul.o)
    0x080050f2   0x080050f2   0x0000008c   Code   RO         3677    x$fpl$fnaninf       fz_ws.l(fnaninf.o)
    0x0800517e   0x0800517e   0x0000000a   Code   RO         3679    x$fpl$fretinf       fz_ws.l(fretinf.o)
    0x08005188   0x08005188   0x000000ea   Code   RO         3549    x$fpl$fsub          fz_ws.l(faddsub_clz.o)
    0x08005272   0x08005272   0x00000004   Code   RO         3561    x$fpl$printf1       fz_ws.l(printf1.o)
    0x08005276   0x08005276   0x00000000   Code   RO         3681    x$fpl$usenofp       fz_ws.l(usenofp.o)
    0x08005276   0x08005276   0x00000012   Data   RO          976    .constdata          stm32f1xx_hal_rcc.o
    0x08005288   0x08005288   0x00000012   Data   RO         1068    .constdata          stm32f1xx_hal_rcc_ex.o
    0x0800529a   0x0800529a   0x00000010   Data   RO         2130    .constdata          system_stm32f1xx.o
    0x080052aa   0x080052aa   0x00000008   Data   RO         2131    .constdata          system_stm32f1xx.o
    0x080052b2   0x080052b2   0x000019e8   Data   RO         2188    .constdata          oled.o
    0x08006c9a   0x08006c9a   0x00000011   Data   RO         3489    .constdata          c_w.l(__printf_flags_ss_wp.o)
    0x08006cab   0x08006cab   0x00000001   PAD
    0x08006cac   0x08006cac   0x00000094   Data   RO         3731    .constdata          c_w.l(bigflt0.o)
    0x08006d40   0x08006d40   0x00000079   Data   RO         3190    .conststring        esp8266.o
    0x08006db9   0x08006db9   0x00000003   PAD
    0x08006dbc   0x08006dbc   0x00000020   Data   RO         3928    Region$$Table       anon$$obj.o
    0x08006ddc   0x08006ddc   0x0000001c   Data   RO         3758    locale$$data        c_w.l(lc_numeric_c.o)


    Execution Region RW_IRAM1 (Exec base: 0x20000000, Load base: 0x08006df8, Size: 0x00000e90, Max: 0x00005000, ABSOLUTE)

    Exec Addr    Load Addr    Size         Type   Attr      Idx    E Section Name        Object

    0x20000000   0x08006df8   0x00000003   Data   RW           18    .data               main.o
    0x20000003   0x08006dfb   0x00000001   PAD
    0x20000004   0x08006dfc   0x0000000c   Data   RW          813    .data               stm32f1xx_hal.o
    0x20000010   0x08006e08   0x00000004   Data   RW         2132    .data               system_stm32f1xx.o
    0x20000014   0x08006e0c   0x00000008   Data   RW         2428    .data               co2.o
    0x2000001c   0x08006e14   0x00000001   Data   RW         2480    .data               settings.o
    0x2000001d   0x08006e15   0x00000001   PAD
    0x2000001e   0x08006e16   0x00000004   Data   RW         3191    .data               esp8266.o
    0x20000022   0x08006e1a   0x00000002   PAD
    0x20000024   0x08006e1c   0x00000004   Data   RW         3280    .data               mqtt_publisher.o
    0x20000028        -       0x00000030   Zero   RW          224    .bss                adc.o
    0x20000058        -       0x00000118   Zero   RW          296    .bss                usart.o
    0x20000170        -       0x00000020   Zero   RW         1519    .bss                stm32f1xx_hal_flash.o
    0x20000190        -       0x00000480   Zero   RW         2187    .bss                oled.o
    0x20000610        -       0x00000009   Zero   RW         2427    .bss                co2.o
    0x20000619   0x08006e20   0x00000003   PAD
    0x2000061c        -       0x00000014   Zero   RW         2479    .bss                settings.o
    0x20000630        -       0x00000200   Zero   RW         3189    .bss                esp8266.o
    0x20000830        -       0x00000060   Zero   RW         3685    .bss                c_w.l(libspace.o)
    0x20000890        -       0x00000200   Zero   RW            2    HEAP                startup_stm32f103xb.o
    0x20000a90        -       0x00000400   Zero   RW            1    STACK               startup_stm32f103xb.o


==============================================================================

Image component sizes


      Code (inc. data)   RO Data    RW Data    ZI Data      Debug   Object Name

       212         28          0          0         48       2106   adc.o
       132         34          0          8          9       2079   co2.o
       352         34          0          0          0       4637   dht11.o
        60          4          0          0          0        750   dma.o
      2276        850        121          4        512       6967   esp8266.o
       212         18          0          0          0        967   gpio.o
       520        104          0          3          0     418831   main.o
       212        132          0          4          0       2264   mqtt_publisher.o
      1022         48       6632          0       1152       8140   oled.o
       470         88          0          1         20       6045   settings.o
        64         26        236          0       1536        804   startup_stm32f103xb.o
       164         28          0         12          0       5845   stm32f1xx_hal.o
      1312         54          0          0          0       7163   stm32f1xx_hal_adc.o
       198         14          0          0          0      28911   stm32f1xx_hal_cortex.o
       808         36          0          0          0       4938   stm32f1xx_hal_dma.o
       392         46          0          0         32       4674   stm32f1xx_hal_flash.o
       240         26          0          0          0       3221   stm32f1xx_hal_flash_ex.o
       524         40          0          0          0       4074   stm32f1xx_hal_gpio.o
        60          8          0          0          0        862   stm32f1xx_hal_msp.o
      1252         90         18          0          0       5508   stm32f1xx_hal_rcc.o
       400         28         18          0          0       2449   stm32f1xx_hal_rcc_ex.o
      2106         24          0          0          0      16061   stm32f1xx_hal_uart.o
       290         56          0          0          0       7327   stm32f1xx_it.o
         2          0         24          4          0       1095   system_stm32f1xx.o
       604        178          0          0          0       2539   ui.o
       424         44          0          0        280       2477   usart.o

    ----------------------------------------------------------------------
     14330       2038       7084         40       3592     550734   Object Totals
         0          0         32          0          0          0   (incl. Generated)
        22          0          3          4          3          0   (incl. Padding)

    ----------------------------------------------------------------------

      Code (inc. data)   RO Data    RW Data    ZI Data      Debug   Library Member Name

        56          6          0          0          0         88   __2snprintf.o
        44          6          0          0          0         84   __2sprintf.o
         8          0          0          0          0         68   __main.o
       392          4         17          0          0         92   __printf_flags_ss_wp.o
        14          0          0          0          0         68   __printf_wp.o
         0          0          0          0          0          0   __rtentry.o
        12          0          0          0          0          0   __rtentry2.o
         6          0          0          0          0          0   __rtentry4.o
        52          8          0          0          0          0   __scatter.o
        26          0          0          0          0          0   __scatter_copy.o
        28          0          0          0          0          0   __scatter_zi.o
        44          0          0          0          0        108   _printf_char.o
        48          6          0          0          0         96   _printf_char_common.o
         6          0          0          0          0          0   _printf_d.o
       120         16          0          0          0         92   _printf_dec.o
         6          0          0          0          0          0   _printf_f.o
      1054          0          0          0          0        216   _printf_fp_dec.o
       128         16          0          0          0         84   _printf_fp_infnan.o
       178          0          0          0          0         88   _printf_intcommon.o
         0          0          0          0          0          0   _printf_percent.o
         4          0          0          0          0          0   _printf_percent_end.o
         6          0          0          0          0          0   _printf_s.o
        82          0          0          0          0         80   _printf_str.o
         6          0          0          0          0          0   _printf_u.o
        16          0          0          0          0         68   _snputc.o
        10          0          0          0          0         68   _sputc.o
       228          4        148          0          0         96   bigflt0.o
      1936        128          0          0          0        672   btod.o
        18          0          0          0          0         80   exit.o
         6          0          0          0          0        152   heapauxi.o
         0          0          0          0          0          0   indicate_semi.o
        44         10         28          0          0         76   lc_numeric_c.o
         2          0          0          0          0          0   libinit.o
        18          0          0          0          0          0   libinit2.o
         2          0          0          0          0          0   libshutdown.o
         2          0          0          0          0          0   libshutdown2.o
         8          4          0          0         96         68   libspace.o
       138          0          0          0          0         80   lludiv10.o
        38          0          0          0          0         68   llushr.o
         8          4          0          0          0         68   rt_locale_intlibspace.o
        68          0          0          0          0         68   rt_memclr.o
        78          0          0          0          0         80   rt_memclr_w.o
       138          0          0          0          0         68   rt_memcpy_v6.o
       100          0          0          0          0         80   rt_memcpy_w.o
         2          0          0          0          0          0   rtexit.o
        10          0          0          0          0          0   rtexit2.o
       128          0          0          0          0         68   strcmpv7m.o
        62          0          0          0          0         76   strlen.o
        36          0          0          0          0         80   strstr.o
        12          4          0          0          0         68   sys_exit.o
        74          0          0          0          0         80   sys_stackheap_outer.o
         2          0          0          0          0         68   use_no_semi.o
        12          0          0          0          0         68   dretinf.o
        86          4          0          0          0         84   f2d.o
       430          8          0          0          0        168   faddsub_clz.o
        38          0          0          0          0         68   fflt_clz.o
       258          4          0          0          0         84   fmul.o
       140          4          0          0          0         84   fnaninf.o
        10          0          0          0          0         68   fretinf.o
         4          0          0          0          0         68   printf1.o
         0          0          0          0          0          0   usenofp.o
        40          0          0          0          0         68   fpclassify.o

    ----------------------------------------------------------------------
      6544        236        194          0         96       4156   Library Totals
        22          0          1          0          0          0   (incl. Padding)

    ----------------------------------------------------------------------

      Code (inc. data)   RO Data    RW Data    ZI Data      Debug   Library Name

      5504        216        193          0         96       3396   c_w.l
       978         20          0          0          0        692   fz_ws.l
        40          0          0          0          0         68   m_ws.l

    ----------------------------------------------------------------------
      6544        236        194          0         96       4156   Library Totals

    ----------------------------------------------------------------------

==============================================================================


      Code (inc. data)   RO Data    RW Data    ZI Data      Debug   

     20874       2274       7278         40       3688     545370   Grand Totals
     20874       2274       7278         40       3688     545370   ELF Image Totals
     20874       2274       7278         40          0          0   ROM Totals

==============================================================================

    Total RO  Size (Code + RO Data)                28152 (  27.49kB)
    Total RW  Size (RW Data + ZI Data)              3728 (   3.64kB)
    Total ROM Size (Code + RO Data + RW Data)      28192 (  27.53kB)

==============================================================================

