<html>
<body>
<pre>
<h1>µVision Build Log</h1>
<h2>Tool Versions:</h2>
IDE-Version: ¦ÌVision V5.38.0.0
Copyright (C) 2022 ARM Ltd and ARM Germany GmbH. All rights reserved.
License Information: 1 1, 1, LIC=KRMW3-ASLPY-LQ80Q-N6WG8-TK5DW-4SB27
 
Tool Versions:
Toolchain:       MDK-ARM Plus  Version: 5.38.0.0
Toolchain Path:  D:\Program Files\KEIL5\ARM\ARMCC\Bin
C Compiler:      Armcc.exe V5.06 update 6 (build 750)
Assembler:       Armasm.exe V5.06 update 6 (build 750)
Linker/Locator:  ArmLink.exe V5.06 update 6 (build 750)
Library Manager: ArmAr.exe V5.06 update 6 (build 750)
Hex Converter:   FromElf.exe V5.06 update 6 (build 750)
CPU DLL:         SARMCM3.DLL V5.38.0.0
Dialog DLL:      DCM.DLL V1.17.5.0
Target DLL:      CMSIS_AGDI.dll V1.33.15.0
Dialog DLL:      TCM.DLL V1.56.4.0
 
<h2>Project:</h2>
C:\Users\ypwan\Desktop\queen_v3\queen_for_v3\MDK-ARM\Smart_Home_Security_System.uvprojx
Project File Date:  04/20/2026

<h2>Output:</h2>
*** Using Compiler 'V5.06 update 6 (build 750)', folder: 'D:\Program Files\KEIL5\ARM\ARMCC\Bin'
Build target 'Smart_Home_Security_System'
assembling startup_stm32f103xb.s...
compiling gpio.c...
compiling dma.c...
compiling stm32f1xx_hal_gpio_ex.c...
compiling stm32f1xx_hal_msp.c...
compiling stm32f1xx_hal.c...
compiling stm32f1xx_it.c...
../App/esp8266.h(54): warning:  #1-D: last line of file ends without a newline
  #endif /* __ESP8266_H */
../Core/Src/stm32f1xx_it.c: 1 warning, 0 errors
compiling adc.c...
compiling main.c...
../App/dht11.h(31): warning:  #1-D: last line of file ends without a newline
  #endif
../App/esp8266.h(54): warning:  #1-D: last line of file ends without a newline
  #endif /* __ESP8266_H */
../Core/Src/main.c(78): warning:  #177-D: variable "mqtt_try"  was declared but never referenced
    uint8_t wifi_try = 0, mqtt_try = 0;
../Core/Src/main.c: 3 warnings, 0 errors
compiling usart.c...
compiling stm32f1xx_hal_adc_ex.c...
compiling stm32f1xx_hal_adc.c...
compiling stm32f1xx_hal_rcc_ex.c...
compiling stm32f1xx_hal_gpio.c...
compiling stm32f1xx_hal_cortex.c...
compiling system_stm32f1xx.c...
compiling stm32f1xx_hal_pwr.c...
compiling stm32f1xx_hal_flash.c...
compiling stm32f1xx_hal_exti.c...
compiling stm32f1xx_hal_dma.c...
compiling stm32f1xx_hal_rcc.c...
compiling stm32f1xx_hal_flash_ex.c...
compiling stm32f1xx_hal_uart.c...
compiling cJSON.c...
compiling dht11.c...
..\App\dht11.h(31): warning:  #1-D: last line of file ends without a newline
  #endif
..\App\dht11.c: 1 warning, 0 errors
compiling co2.c...
compiling oled.c...
compiling ui.c...
..\App\dht11.h(31): warning:  #1-D: last line of file ends without a newline
  #endif
..\App\ui.c: 1 warning, 0 errors
compiling settings.c...
compiling mqtt_publisher.c...
..\App\esp8266.h(54): warning:  #1-D: last line of file ends without a newline
  #endif /* __ESP8266_H */
..\App\mqtt_publisher.c(9): warning:  #177-D: variable "last_pub"  was declared but never referenced
  static uint32_t last_pub = 0;
..\App\mqtt_publisher.c: 2 warnings, 0 errors
compiling esp8266.c...
..\App\esp8266.h(54): warning:  #1-D: last line of file ends without a newline
  #endif /* __ESP8266_H */
..\App\esp8266.c(305): warning:  #550-D: variable "got_response"  was set but never used
          bool got_response = false;
..\App\esp8266.c(700): warning:  #1-D: last line of file ends without a newline
  //}
..\App\esp8266.c(21): warning:  #177-D: function "ESP8266_WaitForStr"  was declared but never referenced
  static bool ESP8266_WaitForStr(const char *str, uint32_t timeout_ms)
..\App\esp8266.c: 4 warnings, 0 errors
linking...
Program Size: Code=20874 RO-data=7278 RW-data=40 ZI-data=3688  
FromELF: creating hex file...
"Smart_Home_Security_System\Smart_Home_Security_System.axf" - 0 Error(s), 12 Warning(s).

<h2>Software Packages used:</h2>

Package Vendor: ARM
                http://www.keil.com/pack/ARM.CMSIS.5.9.0.pack
                ARM.CMSIS.5.9.0
                CMSIS (Common Microcontroller Software Interface Standard)
   * Component: CORE Version: 5.6.0

Package Vendor: Keil
                https://www.keil.com/pack/Keil.STM32F1xx_DFP.2.4.1.pack
                Keil.STM32F1xx_DFP.2.4.1
                STMicroelectronics STM32F1 Series Device Support, Drivers and Examples

<h2>Collection of Component include folders:</h2>
  ./RTE/_Smart_Home_Security_System
  C:/Users/ypwan/AppData/Local/Arm/Packs/ARM/CMSIS/5.9.0/CMSIS/Core/Include
  C:/Users/ypwan/AppData/Local/Arm/Packs/Keil/STM32F1xx_DFP/2.4.1/Device/Include

<h2>Collection of Component Files used:</h2>

   * Component: ARM::CMSIS:CORE:5.6.0
      Include file:  CMSIS/Core/Include/tz_context.h
Build Time Elapsed:  00:00:05
</pre>
</body>
</html>
